Archive member included to satisfy reference by file (symbol)

D:/STM32CubeIDE_2.1.1/STM32CubeIDE/plugins/com.st.stm32cube.ide.mcu.externaltools.gnu-tools-for-stm32.14.3.rel1.win32_1.0.100.202602081740/tools/bin/../lib/gcc/arm-none-eabi/14.3.1/../../../../arm-none-eabi/lib/thumb/v7e-m+fp/hard\libc_nano.a(libc_a-exit.o)
                              D:/STM32CubeIDE_2.1.1/STM32CubeIDE/plugins/com.st.stm32cube.ide.mcu.externaltools.gnu-tools-for-stm32.14.3.rel1.win32_1.0.100.202602081740/tools/bin/../lib/gcc/arm-none-eabi/14.3.1/../../../../arm-none-eabi/lib/thumb/v7e-m+fp/hard/crt0.o (exit)
D:/STM32CubeIDE_2.1.1/STM32CubeIDE/plugins/com.st.stm32cube.ide.mcu.externaltools.gnu-tools-for-stm32.14.3.rel1.win32_1.0.100.202602081740/tools/bin/../lib/gcc/arm-none-eabi/14.3.1/../../../../arm-none-eabi/lib/thumb/v7e-m+fp/hard\libc_nano.a(libc_a-findfp.o)
                              D:/STM32CubeIDE_2.1.1/STM32CubeIDE/plugins/com.st.stm32cube.ide.mcu.externaltools.gnu-tools-for-stm32.14.3.rel1.win32_1.0.100.202602081740/tools/bin/../lib/gcc/arm-none-eabi/14.3.1/../../../../arm-none-eabi/lib/thumb/v7e-m+fp/hard\libc_nano.a(libc_a-exit.o) (__stdio_exit_handler)
D:/STM32CubeIDE_2.1.1/STM32CubeIDE/plugins/com.st.stm32cube.ide.mcu.externaltools.gnu-tools-for-stm32.14.3.rel1.win32_1.0.100.202602081740/tools/bin/../lib/gcc/arm-none-eabi/14.3.1/../../../../arm-none-eabi/lib/thumb/v7e-m+fp/hard\libc_nano.a(libc_a-fwalk.o)
                              D:/STM32CubeIDE_2.1.1/STM32CubeIDE/plugins/com.st.stm32cube.ide.mcu.externaltools.gnu-tools-for-stm32.14.3.rel1.win32_1.0.100.202602081740/tools/bin/../lib/gcc/arm-none-eabi/14.3.1/../../../../arm-none-eabi/lib/thumb/v7e-m+fp/hard\libc_nano.a(libc_a-findfp.o) (_fwalk_sglue)
D:/STM32CubeIDE_2.1.1/STM32CubeIDE/plugins/com.st.stm32cube.ide.mcu.externaltools.gnu-tools-for-stm32.14.3.rel1.win32_1.0.100.202602081740/tools/bin/../lib/gcc/arm-none-eabi/14.3.1/../../../../arm-none-eabi/lib/thumb/v7e-m+fp/hard\libc_nano.a(libc_a-snprintf.o)
                              ./Core/Src/game.o (snprintf)
D:/STM32CubeIDE_2.1.1/STM32CubeIDE/plugins/com.st.stm32cube.ide.mcu.externaltools.gnu-tools-for-stm32.14.3.rel1.win32_1.0.100.202602081740/tools/bin/../lib/gcc/arm-none-eabi/14.3.1/../../../../arm-none-eabi/lib/thumb/v7e-m+fp/hard\libc_nano.a(libc_a-stdio.o)
                              D:/STM32CubeIDE_2.1.1/STM32CubeIDE/plugins/com.st.stm32cube.ide.mcu.externaltools.gnu-tools-for-stm32.14.3.rel1.win32_1.0.100.202602081740/tools/bin/../lib/gcc/arm-none-eabi/14.3.1/../../../../arm-none-eabi/lib/thumb/v7e-m+fp/hard\libc_nano.a(libc_a-findfp.o) (__sread)
D:/STM32CubeIDE_2.1.1/STM32CubeIDE/plugins/com.st.stm32cube.ide.mcu.externaltools.gnu-tools-for-stm32.14.3.rel1.win32_1.0.100.202602081740/tools/bin/../lib/gcc/arm-none-eabi/14.3.1/../../../../arm-none-eabi/lib/thumb/v7e-m+fp/hard\libc_nano.a(libc_a-memset.o)
                              D:/STM32CubeIDE_2.1.1/STM32CubeIDE/plugins/com.st.stm32cube.ide.mcu.externaltools.gnu-tools-for-stm32.14.3.rel1.win32_1.0.100.202602081740/tools/bin/../lib/gcc/arm-none-eabi/14.3.1/../../../../arm-none-eabi/lib/thumb/v7e-m+fp/hard/crt0.o (memset)
D:/STM32CubeIDE_2.1.1/STM32CubeIDE/plugins/com.st.stm32cube.ide.mcu.externaltools.gnu-tools-for-stm32.14.3.rel1.win32_1.0.100.202602081740/tools/bin/../lib/gcc/arm-none-eabi/14.3.1/../../../../arm-none-eabi/lib/thumb/v7e-m+fp/hard\libc_nano.a(libc_a-closer.o)
                              D:/STM32CubeIDE_2.1.1/STM32CubeIDE/plugins/com.st.stm32cube.ide.mcu.externaltools.gnu-tools-for-stm32.14.3.rel1.win32_1.0.100.202602081740/tools/bin/../lib/gcc/arm-none-eabi/14.3.1/../../../../arm-none-eabi/lib/thumb/v7e-m+fp/hard\libc_nano.a(libc_a-stdio.o) (_close_r)
D:/STM32CubeIDE_2.1.1/STM32CubeIDE/plugins/com.st.stm32cube.ide.mcu.externaltools.gnu-tools-for-stm32.14.3.rel1.win32_1.0.100.202602081740/tools/bin/../lib/gcc/arm-none-eabi/14.3.1/../../../../arm-none-eabi/lib/thumb/v7e-m+fp/hard\libc_nano.a(libc_a-reent.o)
                              D:/STM32CubeIDE_2.1.1/STM32CubeIDE/plugins/com.st.stm32cube.ide.mcu.externaltools.gnu-tools-for-stm32.14.3.rel1.win32_1.0.100.202602081740/tools/bin/../lib/gcc/arm-none-eabi/14.3.1/../../../../arm-none-eabi/lib/thumb/v7e-m+fp/hard\libc_nano.a(libc_a-closer.o) (errno)
D:/STM32CubeIDE_2.1.1/STM32CubeIDE/plugins/com.st.stm32cube.ide.mcu.externaltools.gnu-tools-for-stm32.14.3.rel1.win32_1.0.100.202602081740/tools/bin/../lib/gcc/arm-none-eabi/14.3.1/../../../../arm-none-eabi/lib/thumb/v7e-m+fp/hard\libc_nano.a(libc_a-impure.o)
                              D:/STM32CubeIDE_2.1.1/STM32CubeIDE/plugins/com.st.stm32cube.ide.mcu.externaltools.gnu-tools-for-stm32.14.3.rel1.win32_1.0.100.202602081740/tools/bin/../lib/gcc/arm-none-eabi/14.3.1/../../../../arm-none-eabi/lib/thumb/v7e-m+fp/hard\libc_nano.a(libc_a-snprintf.o) (_impure_ptr)
[...]
Memory Configuration

Name             Origin             Length             Attributes
CCMRAM           0x10000000         0x00010000         xrw
RAM              0x20000000         0x00030000         xrw
FLASH            0x08000000         0x00200000         xr
*default*        0x00000000         0xffffffff

Linker script and memory map

LOAD D:/STM32CubeIDE_2.1.1/STM32CubeIDE/plugins/com.st.stm32cube.ide.mcu.externaltools.gnu-tools-for-stm32.14.3.rel1.win32_1.0.100.202602081740/tools/bin/../lib/gcc/arm-none-eabi/14.3.1/thumb/v7e-m+fp/hard/crti.o
LOAD D:/STM32CubeIDE_2.1.1/STM32CubeIDE/plugins/com.st.stm32cube.ide.mcu.externaltools.gnu-tools-for-stm32.14.3.rel1.win32_1.0.100.202602081740/tools/bin/../lib/gcc/arm-none-eabi/14.3.1/thumb/v7e-m+fp/hard/crtbegin.o
LOAD D:/STM32CubeIDE_2.1.1/STM32CubeIDE/plugins/com.st.stm32cube.ide.mcu.externaltools.gnu-tools-for-stm32.14.3.rel1.win32_1.0.100.202602081740/tools/bin/../lib/gcc/arm-none-eabi/14.3.1/../../../../arm-none-eabi/lib/thumb/v7e-m+fp/hard/crt0.o
LOAD ./Core/Src/assets.o
LOAD ./Core/Src/game.o
LOAD ./Core/Src/main.o
LOAD ./Core/Src/stm32f4xx_hal_msp.o
LOAD ./Core/Src/stm32f4xx_it.o
LOAD ./Core/Src/syscalls.o
LOAD ./Core/Src/sysmem.o
LOAD ./Core/Src/system_stm32f4xx.o
LOAD ./Core/Startup/startup_stm32f429zitx.o
LOAD ./Drivers/BSP/Components/ili9341/ili9341.o
LOAD ./Drivers/BSP/Fonts/font12.o
LOAD ./Drivers/BSP/Fonts/font16.o
LOAD ./Drivers/BSP/Fonts/font20.o
LOAD ./Drivers/BSP/Fonts/font24.o
LOAD ./Drivers/BSP/Fonts/font8.o
LOAD ./Drivers/BSP/STM32F429I-Discovery/stm32f429i_discovery.o
LOAD ./Drivers/BSP/STM32F429I-Discovery/stm32f429i_discovery_lcd.o
LOAD ./Drivers/BSP/STM32F429I-Discovery/stm32f429i_discovery_sdram.o
LOAD ./Drivers/STM32F4xx_HAL_Driver/Src/stm32f4xx_hal.o
LOAD ./Drivers/STM32F4xx_HAL_Driver/Src/stm32f4xx_hal_cortex.o
LOAD ./Drivers/STM32F4xx_HAL_Driver/Src/stm32f4xx_hal_dma.o
LOAD ./Drivers/STM32F4xx_HAL_Driver/Src/stm32f4xx_hal_dma2d.o
LOAD ./Drivers/STM32F4xx_HAL_Driver/Src/stm32f4xx_hal_dma_ex.o
LOAD ./Drivers/STM32F4xx_HAL_Driver/Src/stm32f4xx_hal_exti.o
LOAD ./Drivers/STM32F4xx_HAL_Driver/Src/stm32f4xx_hal_flash.o
LOAD ./Drivers/STM32F4xx_HAL_Driver/Src/stm32f4xx_hal_flash_ex.o
LOAD ./Drivers/STM32F4xx_HAL_Driver/Src/stm32f4xx_hal_flash_ramfunc.o
LOAD ./Drivers/STM32F4xx_HAL_Driver/Src/stm32f4xx_hal_gpio.o
LOAD ./Drivers/STM32F4xx_HAL_Driver/Src/stm32f4xx_hal_i2c.o
LOAD ./Drivers/STM32F4xx_HAL_Driver/Src/stm32f4xx_hal_i2c_ex.o
LOAD ./Drivers/STM32F4xx_HAL_Driver/Src/stm32f4xx_hal_ltdc.o
LOAD ./Drivers/STM32F4xx_HAL_Driver/Src/stm32f4xx_hal_ltdc_ex.o
LOAD ./Drivers/STM32F4xx_HAL_Driver/Src/stm32f4xx_hal_pwr.o
LOAD ./Drivers/STM32F4xx_HAL_Driver/Src/stm32f4xx_hal_pwr_ex.o
LOAD ./Drivers/STM32F4xx_HAL_Driver/Src/stm32f4xx_hal_rcc.o
LOAD ./Drivers/STM32F4xx_HAL_Driver/Src/stm32f4xx_hal_rcc_ex.o
LOAD ./Drivers/STM32F4xx_HAL_Driver/Src/stm32f4xx_hal_sdram.o
LOAD ./Drivers/STM32F4xx_HAL_Driver/Src/stm32f4xx_hal_spi.o
LOAD ./Drivers/STM32F4xx_HAL_Driver/Src/stm32f4xx_hal_tim.o
LOAD ./Drivers/STM32F4xx_HAL_Driver/Src/stm32f4xx_hal_tim_ex.o
LOAD ./Drivers/STM32F4xx_HAL_Driver/Src/stm32f4xx_ll_fmc.o
START GROUP
LOAD D:/STM32CubeIDE_2.1.1/STM32CubeIDE/plugins/com.st.stm32cube.ide.mcu.externaltools.gnu-tools-for-stm32.14.3.rel1.win32_1.0.100.202602081740/tools/bin/../lib/gcc/arm-none-eabi/14.3.1/../../../../arm-none-eabi/lib/thumb/v7e-m+fp/hard\libc_nano.a
LOAD D:/STM32CubeIDE_2.1.1/STM32CubeIDE/plugins/com.st.stm32cube.ide.mcu.externaltools.gnu-tools-for-stm32.14.3.rel1.win32_1.0.100.202602081740/tools/bin/../lib/gcc/arm-none-eabi/14.3.1/../../../../arm-none-eabi/lib/thumb/v7e-m+fp/hard\libm.a
END GROUP
START GROUP
LOAD D:/STM32CubeIDE_2.1.1/STM32CubeIDE/plugins/com.st.stm32cube.ide.mcu.externaltools.gnu-tools-for-stm32.14.3.rel1.win32_1.0.100.202602081740/tools/bin/../lib/gcc/arm-none-eabi/14.3.1/thumb/v7e-m+fp/hard\libgcc.a
LOAD D:/STM32CubeIDE_2.1.1/STM32CubeIDE/plugins/com.st.stm32cube.ide.mcu.externaltools.gnu-tools-for-stm32.14.3.rel1.win32_1.0.100.202602081740/tools/bin/../lib/gcc/arm-none-eabi/14.3.1/../../../../arm-none-eabi/lib/thumb/v7e-m+fp/hard\libc_nano.a
END GROUP
START GROUP
LOAD D:/STM32CubeIDE_2.1.1/STM32CubeIDE/plugins/com.st.stm32cube.ide.mcu.externaltools.gnu-tools-for-stm32.14.3.rel1.win32_1.0.100.202602081740/tools/bin/../lib/gcc/arm-none-eabi/14.3.1/thumb/v7e-m+fp/hard\libgcc.a
LOAD D:/STM32CubeIDE_2.1.1/STM32CubeIDE/plugins/com.st.stm32cube.ide.mcu.externaltools.gnu-tools-for-stm32.14.3.rel1.win32_1.0.100.202602081740/tools/bin/../lib/gcc/arm-none-eabi/14.3.1/../../../../arm-none-eabi/lib/thumb/v7e-m+fp/hard\libc_nano.a
LOAD D:/STM32CubeIDE_2.1.1/STM32CubeIDE/plugins/com.st.stm32cube.ide.mcu.externaltools.gnu-tools-for-stm32.14.3.rel1.win32_1.0.100.202602081740/tools/bin/../lib/gcc/arm-none-eabi/14.3.1/../../../../arm-none-eabi/lib/thumb/v7e-m+fp/hard\libnosys.a
END GROUP
START GROUP
LOAD D:/STM32CubeIDE_2.1.1/STM32CubeIDE/plugins/com.st.stm32cube.ide.mcu.externaltools.gnu-tools-for-stm32.14.3.rel1.win32_1.0.100.202602081740/tools/bin/../lib/gcc/arm-none-eabi/14.3.1/thumb/v7e-m+fp/hard\libgcc.a
LOAD D:/STM32CubeIDE_2.1.1/STM32CubeIDE/plugins/com.st.stm32cube.ide.mcu.externaltools.gnu-tools-for-stm32.14.3.rel1.win32_1.0.100.202602081740/tools/bin/../lib/gcc/arm-none-eabi/14.3.1/../../../../arm-none-eabi/lib/thumb/v7e-m+fp/hard\libc_nano.a
LOAD D:/STM32CubeIDE_2.1.1/STM32CubeIDE/plugins/com.st.stm32cube.ide.mcu.externaltools.gnu-tools-for-stm32.14.3.rel1.win32_1.0.100.202602081740/tools/bin/../lib/gcc/arm-none-eabi/14.3.1/../../../../arm-none-eabi/lib/thumb/v7e-m+fp/hard\libnosys.a
END GROUP
LOAD D:/STM32CubeIDE_2.1.1/STM32CubeIDE/plugins/com.st.stm32cube.ide.mcu.externaltools.gnu-tools-for-stm32.14.3.rel1.win32_1.0.100.202602081740/tools/bin/../lib/gcc/arm-none-eabi/14.3.1/thumb/v7e-m+fp/hard/crtend.o
LOAD D:/STM32CubeIDE_2.1.1/STM32CubeIDE/plugins/com.st.stm32cube.ide.mcu.externaltools.gnu-tools-for-stm32.14.3.rel1.win32_1.0.100.202602081740/tools/bin/../lib/gcc/arm-none-eabi/14.3.1/thumb/v7e-m+fp/hard/crtn.o
                0x20030000                        _estack = (ORIGIN (RAM) + LENGTH (RAM))
                0x00000200                        _Min_Heap_Size = 0x200
                0x00000400                        _Min_Stack_Size = 0x400

.isr_vector     0x08000000      0x1ac
                0x08000000                        . = ALIGN (0x4)
 *(.isr_vector)
 .isr_vector    0x08000000      0x1ac ./Core/Startup/startup_stm32f429zitx.o
                0x08000000                g_pfnVectors
                0x080001ac                        . = ALIGN (0x4)

.text           0x080001b0     0x6328
                0x080001b0                        . = ALIGN (0x4)
 *(.text)
 .text          0x080001b0       0x40 D:/STM32CubeIDE_2.1.1/STM32CubeIDE/plugins/com.st.stm32cube.ide.mcu.externaltools.gnu-tools-for-stm32.14.3.rel1.win32_1.0.100.202602081740/tools/bin/../lib/gcc/arm-none-eabi/14.3.1/thumb/v7e-m+fp/hard/crtbegin.o
 .text          0x080001f0       0x10 D:/STM32CubeIDE_2.1.1/STM32CubeIDE/plugins/com.st.stm32cube.ide.mcu.externaltools.gnu-tools-for-stm32.14.3.rel1.win32_1.0.100.202602081740/tools/bin/../lib/gcc/arm-none-eabi/14.3.1/../../../../arm-none-eabi/lib/thumb/v7e-m+fp/hard\libc_nano.a(libc_a-strlen.o)
                0x080001f0                strlen
 .text          0x08000200       0xa0 D:/STM32CubeIDE_2.1.1/STM32CubeIDE/plugins/com.st.stm32cube.ide.mcu.externaltools.gnu-tools-for-stm32.14.3.rel1.win32_1.0.100.202602081740/tools/bin/../lib/gcc/arm-none-eabi/14.3.1/../../../../arm-none-eabi/lib/thumb/v7e-m+fp/hard\libc_nano.a(libc_a-memchr.o)
                0x08000200                memchr
 .text          0x080002a0       0x30 D:/STM32CubeIDE_2.1.1/STM32CubeIDE/plugins/com.st.stm32cube.ide.mcu.externaltools.gnu-tools-for-stm32.14.3.rel1.win32_1.0.100.202602081740/tools/bin/../lib/gcc/arm-none-eabi/14.3.1/thumb/v7e-m+fp/hard\libgcc.a(_aeabi_uldivmod.o)
                0x080002a0                __aeabi_uldivmod
 .text          0x080002d0      0x2f8 D:/STM32CubeIDE_2.1.1/STM32CubeIDE/plugins/com.st.stm32cube.ide.mcu.externaltools.gnu-tools-for-stm32.14.3.rel1.win32_1.0.100.202602081740/tools/bin/../lib/gcc/arm-none-eabi/14.3.1/thumb/v7e-m+fp/hard\libgcc.a(_udivmoddi4.o)
                0x080002d0                __udivmoddi4
 .text          0x080005c8        0x4 D:/STM32CubeIDE_2.1.1/STM32CubeIDE/plugins/com.st.stm32cube.ide.mcu.externaltools.gnu-tools-for-stm32.14.3.rel1.win32_1.0.100.202602081740/tools/bin/../lib/gcc/arm-none-eabi/14.3.1/thumb/v7e-m+fp/hard\libgcc.a(_dvmd_tls.o)
                0x080005c8                __aeabi_idiv0
                0x080005c8                __aeabi_ldiv0
 *(.text*)
 .text.Buzzer_Init
                0x080005cc      0x104 ./Core/Src/game.o
 .text.play_frequency
                0x080006d0       0x7c ./Core/Src/game.o
 .text.start_sound
                0x0800074c       0x3c ./Core/Src/game.o
 .text.update_sound_effects
                0x08000788      0x10c ./Core/Src/game.o
 .text.HAL_TIM_PeriodElapsedCallback
                0x08000894       0x3c ./Core/Src/game.o
                0x08000894                HAL_TIM_PeriodElapsedCallback
 .text.rng_next
                0x080008d0       0x34 ./Core/Src/game.o
 .text.button_pressed_edge
                0x08000904       0x44 ./Core/Src/game.o
 .text.draw_begin
                0x08000948        0xe ./Core/Src/game.o
 *fill*         0x08000956        0x2 
 .text.draw_end
                0x08000958       0x44 ./Core/Src/game.o
 .text.draw_sprite
                0x0800099c       0xec ./Core/Src/game.o
 .text.draw_sprite_vflip
                0x08000a88       0xf8 ./Core/Src/game.o
 .text.draw_string_transparent
                0x08000b80      0x1e0 ./Core/Src/game.o
 .text.draw_string_transparent_centered
                0x08000d60       0x52 ./Core/Src/game.o
 *fill*         0x08000db2        0x2 
 .text.draw_score_sprites
                0x08000db4       0xd8 ./Core/Src/game.o
 .text.get_bird_sprite
                0x08000e8c       0x60 ./Core/Src/game.o
 .text.reset_round
                0x08000eec       0xc0 ./Core/Src/game.o
 .text.update_playing
                0x08000fac      0x30c ./Core/Src/game.o
 .text.draw_pipe
                0x080012b8       0x74 ./Core/Src/game.o
 .text.draw_frame
                0x0800132c      0x194 ./Core/Src/game.o
 .text.Game_Init
                0x080014c0       0xb8 ./Core/Src/game.o
                0x080014c0                Game_Init
 .text.Game_Loop
                0x08001578       0xf8 ./Core/Src/game.o
                0x08001578                Game_Loop
 .text.main     0x08001670       0x1a ./Core/Src/main.o
                0x08001670                main
 *fill*         0x0800168a        0x2 
 .text.SystemClock_Config
                0x0800168c       0xe4 ./Core/Src/main.o
                0x0800168c                SystemClock_Config
 .text.MX_GPIO_Init
                0x08001770       0x34 ./Core/Src/main.o
 .text.Error_Handler
                0x080017a4        0xc ./Core/Src/main.o
                0x080017a4                Error_Handler
 .text.HAL_MspInit
                0x080017b0       0x50 ./Core/Src/stm32f4xx_hal_msp.o
                0x080017b0                HAL_MspInit
 .text.NMI_Handler
                0x08001800        0x8 ./Core/Src/stm32f4xx_it.o
                0x08001800                NMI_Handler
 .text.HardFault_Handler
                0x08001808        0x8 ./Core/Src/stm32f4xx_it.o
                0x08001808                HardFault_Handler
 .text.MemManage_Handler
                0x08001810        0x8 ./Core/Src/stm32f4xx_it.o
                0x08001810                MemManage_Handler
 .text.BusFault_Handler
                0x08001818        0x8 ./Core/Src/stm32f4xx_it.o
                0x08001818                BusFault_Handler
 .text.UsageFault_Handler
                0x08001820        0x8 ./Core/Src/stm32f4xx_it.o
                0x08001820                UsageFault_Handler
 .text.SVC_Handler
                0x08001828        0xe ./Core/Src/stm32f4xx_it.o
                0x08001828                SVC_Handler
 .text.DebugMon_Handler
                0x08001836        0xe ./Core/Src/stm32f4xx_it.o
                0x08001836                DebugMon_Handler
 .text.PendSV_Handler
                0x08001844        0xe ./Core/Src/stm32f4xx_it.o
                0x08001844                PendSV_Handler
 .text.SysTick_Handler
                0x08001852        0xc ./Core/Src/stm32f4xx_it.o
                0x08001852                SysTick_Handler
 *fill*         0x0800185e        0x2 
 .text.TIM4_IRQHandler
                0x08001860       0x14 ./Core/Src/stm32f4xx_it.o
                0x08001860                TIM4_IRQHandler
 .text._sbrk    0x08001874       0x6c ./Core/Src/sysmem.o
                0x08001874                _sbrk
 .text.SystemInit
                0x080018e0       0x24 ./Core/Src/system_stm32f4xx.o
                0x080018e0                SystemInit
 .text.Reset_Handler
                0x08001904       0x50 ./Core/Startup/startup_stm32f429zitx.o
                0x08001904                Reset_Handler
 .text.Default_Handler
                0x08001954        0x2 ./Core/Startup/startup_stm32f429zitx.o
                0x08001954                RTC_Alarm_IRQHandler
                0x08001954                HASH_RNG_IRQHandler
                0x08001954                EXTI2_IRQHandler
                0x08001954                TIM8_CC_IRQHandler
                0x08001954                UART8_IRQHandler
                0x08001954                SPI4_IRQHandler
                0x08001954                TIM1_CC_IRQHandler
                0x08001954                DMA2_Stream5_IRQHandler
                0x08001954                DMA1_Stream5_IRQHandler
                0x08001954                PVD_IRQHandler
                0x08001954                SDIO_IRQHandler
                0x08001954                TAMP_STAMP_IRQHandler
                0x08001954                CAN2_RX1_IRQHandler
                0x08001954                EXTI3_IRQHandler
                0x08001954                TIM8_TRG_COM_TIM14_IRQHandler
                0x08001954                TIM1_UP_TIM10_IRQHandler
                0x08001954                TIM8_UP_TIM13_IRQHandler
                0x08001954                I2C3_ER_IRQHandler
                0x08001954                EXTI0_IRQHandler
                0x08001954                I2C2_EV_IRQHandler
                0x08001954                DMA1_Stream2_IRQHandler
                0x08001954                CAN1_RX0_IRQHandler
                0x08001954                FPU_IRQHandler
                0x08001954                OTG_HS_WKUP_IRQHandler
                0x08001954                LTDC_ER_IRQHandler
                0x08001954                CAN2_SCE_IRQHandler
                0x08001954                DMA2_Stream2_IRQHandler
                0x08001954                SPI1_IRQHandler
                0x08001954                TIM6_DAC_IRQHandler
                0x08001954                TIM1_BRK_TIM9_IRQHandler
                0x08001954                DCMI_IRQHandler
                0x08001954                CAN2_RX0_IRQHandler
                0x08001954                DMA2_Stream3_IRQHandler
                0x08001954                USART6_IRQHandler
                0x08001954                USART3_IRQHandler
                0x08001954                CAN1_RX1_IRQHandler
                0x08001954                UART5_IRQHandler
                0x08001954                DMA2_Stream0_IRQHandler
                0x08001954                I2C1_EV_IRQHandler
                0x08001954                DMA1_Stream6_IRQHandler
                0x08001954                DMA1_Stream1_IRQHandler
                0x08001954                UART4_IRQHandler
                0x08001954                TIM3_IRQHandler
                0x08001954                RCC_IRQHandler
                0x08001954                TIM8_BRK_TIM12_IRQHandler
                0x08001954                Default_Handler
                0x08001954                EXTI15_10_IRQHandler
                0x08001954                ADC_IRQHandler
                0x08001954                DMA1_Stream7_IRQHandler
                0x08001954                SPI5_IRQHandler
                0x08001954                TIM7_IRQHandler
                0x08001954                CAN2_TX_IRQHandler
                0x08001954                TIM5_IRQHandler
                0x08001954                DMA2_Stream7_IRQHandler
                0x08001954                I2C3_EV_IRQHandler
                0x08001954                EXTI9_5_IRQHandler
                0x08001954                RTC_WKUP_IRQHandler
                0x08001954                LTDC_IRQHandler
                0x08001954                ETH_WKUP_IRQHandler
                0x08001954                SPI2_IRQHandler
                0x08001954                OTG_HS_EP1_IN_IRQHandler
                0x08001954                DMA1_Stream0_IRQHandler
                0x08001954                CAN1_TX_IRQHandler
                0x08001954                EXTI4_IRQHandler
                0x08001954                ETH_IRQHandler
                0x08001954                OTG_HS_EP1_OUT_IRQHandler
                0x08001954                WWDG_IRQHandler
                0x08001954                SPI6_IRQHandler
                0x08001954                TIM2_IRQHandler
                0x08001954                OTG_FS_WKUP_IRQHandler
                0x08001954                TIM1_TRG_COM_TIM11_IRQHandler
                0x08001954                OTG_HS_IRQHandler
                0x08001954                DMA2D_IRQHandler
                0x08001954                EXTI1_IRQHandler
                0x08001954                UART7_IRQHandler
                0x08001954                USART2_IRQHandler
                0x08001954                I2C2_ER_IRQHandler
                0x08001954                DMA2_Stream1_IRQHandler
                0x08001954                CAN1_SCE_IRQHandler
                0x08001954                FLASH_IRQHandler
                0x08001954                DMA2_Stream4_IRQHandler
                0x08001954                USART1_IRQHandler
                0x08001954                OTG_FS_IRQHandler
                0x08001954                SPI3_IRQHandler
                0x08001954                DMA1_Stream4_IRQHandler
                0x08001954                I2C1_ER_IRQHandler
                0x08001954                FMC_IRQHandler
                0x08001954                DMA2_Stream6_IRQHandler
                0x08001954                SAI1_IRQHandler
                0x08001954                DMA1_Stream3_IRQHandler
 .text.ili9341_Init
                0x08001956      0x294 ./Drivers/BSP/Components/ili9341/ili9341.o
                0x08001956                ili9341_Init
 .text.ili9341_ReadID
                0x08001bea       0x18 ./Drivers/BSP/Components/ili9341/ili9341.o
                0x08001bea                ili9341_ReadID
 .text.ili9341_DisplayOn
                0x08001c02        0xe ./Drivers/BSP/Components/ili9341/ili9341.o
                0x08001c02                ili9341_DisplayOn
 .text.ili9341_DisplayOff
                0x08001c10        0xe ./Drivers/BSP/Components/ili9341/ili9341.o
                0x08001c10                ili9341_DisplayOff
 .text.ili9341_WriteReg
                0x08001c1e       0x1a ./Drivers/BSP/Components/ili9341/ili9341.o
                0x08001c1e                ili9341_WriteReg
 .text.ili9341_WriteData
                0x08001c38       0x1a ./Drivers/BSP/Components/ili9341/ili9341.o
                0x08001c38                ili9341_WriteData
 .text.ili9341_ReadData
                0x08001c52       0x26 ./Drivers/BSP/Components/ili9341/ili9341.o
                0x08001c52                ili9341_ReadData
 .text.ili9341_GetLcdPixelWidth
                0x08001c78       0x10 ./Drivers/BSP/Components/ili9341/ili9341.o
                0x08001c78                ili9341_GetLcdPixelWidth
 .text.ili9341_GetLcdPixelHeight
                0x08001c88       0x12 ./Drivers/BSP/Components/ili9341/ili9341.o
                0x08001c88                ili9341_GetLcdPixelHeight
 *fill*         0x08001c9a        0x2 
 .text.BSP_PB_Init
                0x08001c9c       0xac ./Drivers/BSP/STM32F429I-Discovery/stm32f429i_discovery.o
                0x08001c9c                BSP_PB_Init
 .text.BSP_PB_GetState
                0x08001d48       0x2c ./Drivers/BSP/STM32F429I-Discovery/stm32f429i_discovery.o
                0x08001d48                BSP_PB_GetState
 .text.SPIx_Init
                0x08001d74       0x74 ./Drivers/BSP/STM32F429I-Discovery/stm32f429i_discovery.o
 .text.SPIx_Read
                0x08001de8       0x40 ./Drivers/BSP/STM32F429I-Discovery/stm32f429i_discovery.o
 .text.SPIx_Write
                0x08001e28       0x3c ./Drivers/BSP/STM32F429I-Discovery/stm32f429i_discovery.o
 .text.SPIx_Error
                0x08001e64       0x18 ./Drivers/BSP/STM32F429I-Discovery/stm32f429i_discovery.o
 .text.SPIx_MspInit
                0x08001e7c       0x74 ./Drivers/BSP/STM32F429I-Discovery/stm32f429i_discovery.o
 .text.LCD_IO_Init
                0x08001ef0       0xf0 ./Drivers/BSP/STM32F429I-Discovery/stm32f429i_discovery.o
                0x08001ef0                LCD_IO_Init
 .text.LCD_IO_WriteData
                0x08001fe0       0x44 ./Drivers/BSP/STM32F429I-Discovery/stm32f429i_discovery.o
                0x08001fe0                LCD_IO_WriteData
 .text.LCD_IO_WriteReg
                0x08002024       0x44 ./Drivers/BSP/STM32F429I-Discovery/stm32f429i_discovery.o
                0x08002024                LCD_IO_WriteReg
 .text.LCD_IO_ReadData
                0x08002068       0x64 ./Drivers/BSP/STM32F429I-Discovery/stm32f429i_discovery.o
                0x08002068                LCD_IO_ReadData
 .text.LCD_Delay
                0x080020cc       0x16 ./Drivers/BSP/STM32F429I-Discovery/stm32f429i_discovery.o
                0x080020cc                LCD_Delay
 *fill*         0x080020e2        0x2 
 .text.BSP_LCD_Init
                0x080020e4       0xd4 ./Drivers/BSP/STM32F429I-Discovery/stm32f429i_discovery_lcd.o
                0x080020e4                BSP_LCD_Init
 .text.BSP_LCD_GetXSize
                0x080021b8       0x18 ./Drivers/BSP/STM32F429I-Discovery/stm32f429i_discovery_lcd.o
                0x080021b8                BSP_LCD_GetXSize
 .text.BSP_LCD_GetYSize
                0x080021d0       0x18 ./Drivers/BSP/STM32F429I-Discovery/stm32f429i_discovery_lcd.o
                0x080021d0                BSP_LCD_GetYSize
 .text.BSP_LCD_LayerDefaultInit
                0x080021e8       0xc8 ./Drivers/BSP/STM32F429I-Discovery/stm32f429i_discovery_lcd.o
                0x080021e8                BSP_LCD_LayerDefaultInit
 .text.BSP_LCD_SelectLayer
                0x080022b0       0x20 ./Drivers/BSP/STM32F429I-Discovery/stm32f429i_discovery_lcd.o
                0x080022b0                BSP_LCD_SelectLayer
 .text.BSP_LCD_SetLayerAddress
                0x080022d0       0x20 ./Drivers/BSP/STM32F429I-Discovery/stm32f429i_discovery_lcd.o
                0x080022d0                BSP_LCD_SetLayerAddress
 .text.BSP_LCD_Relaod
                0x080022f0       0x1c ./Drivers/BSP/STM32F429I-Discovery/stm32f429i_discovery_lcd.o
                0x080022f0                BSP_LCD_Relaod
 .text.BSP_LCD_SetFont
                0x0800230c       0x34 ./Drivers/BSP/STM32F429I-Discovery/stm32f429i_discovery_lcd.o
                0x0800230c                BSP_LCD_SetFont
 .text.BSP_LCD_DisplayOn
                0x08002340       0x20 ./Drivers/BSP/STM32F429I-Discovery/stm32f429i_discovery_lcd.o
                0x08002340                BSP_LCD_DisplayOn
 .text.BSP_LCD_MspInit
                0x08002360      0x1ac ./Drivers/BSP/STM32F429I-Discovery/stm32f429i_discovery_lcd.o
                0x08002360                BSP_LCD_MspInit
 .text.BSP_SDRAM_Init
                0x0800250c       0xbc ./Drivers/BSP/STM32F429I-Discovery/stm32f429i_discovery_sdram.o
                0x0800250c                BSP_SDRAM_Init
 .text.BSP_SDRAM_Initialization_sequence
                0x080025c8       0xc0 ./Drivers/BSP/STM32F429I-Discovery/stm32f429i_discovery_sdram.o
                0x080025c8                BSP_SDRAM_Initialization_sequence
 .text.BSP_SDRAM_MspInit
                0x08002688      0x218 ./Drivers/BSP/STM32F429I-Discovery/stm32f429i_discovery_sdram.o
                0x08002688                BSP_SDRAM_MspInit
 .text.HAL_Init
                0x080028a0       0x44 ./Drivers/STM32F4xx_HAL_Driver/Src/stm32f4xx_hal.o
                0x080028a0                HAL_Init
 .text.HAL_InitTick
                0x080028e4       0x60 ./Drivers/STM32F4xx_HAL_Driver/Src/stm32f4xx_hal.o
                0x080028e4                HAL_InitTick
 .text.HAL_IncTick
                0x08002944       0x28 ./Drivers/STM32F4xx_HAL_Driver/Src/stm32f4xx_hal.o
                0x08002944                HAL_IncTick
 .text.HAL_GetTick
                0x0800296c       0x18 ./Drivers/STM32F4xx_HAL_Driver/Src/stm32f4xx_hal.o
                0x0800296c                HAL_GetTick
 .text.HAL_Delay
                0x08002984       0x48 ./Drivers/STM32F4xx_HAL_Driver/Src/stm32f4xx_hal.o
                0x08002984                HAL_Delay
 .text.__NVIC_SetPriorityGrouping
                0x080029cc       0x48 ./Drivers/STM32F4xx_HAL_Driver/Src/stm32f4xx_hal_cortex.o
 .text.__NVIC_GetPriorityGrouping
                0x08002a14       0x1c ./Drivers/STM32F4xx_HAL_Driver/Src/stm32f4xx_hal_cortex.o
 .text.__NVIC_EnableIRQ
                0x08002a30       0x3c ./Drivers/STM32F4xx_HAL_Driver/Src/stm32f4xx_hal_cortex.o
 .text.__NVIC_SetPriority
                0x08002a6c       0x54 ./Drivers/STM32F4xx_HAL_Driver/Src/stm32f4xx_hal_cortex.o
 .text.NVIC_EncodePriority
                0x08002ac0       0x66 ./Drivers/STM32F4xx_HAL_Driver/Src/stm32f4xx_hal_cortex.o
 *fill*         0x08002b26        0x2 
 .text.SysTick_Config
                0x08002b28       0x44 ./Drivers/STM32F4xx_HAL_Driver/Src/stm32f4xx_hal_cortex.o
 .text.HAL_NVIC_SetPriorityGrouping
                0x08002b6c       0x16 ./Drivers/STM32F4xx_HAL_Driver/Src/stm32f4xx_hal_cortex.o
                0x08002b6c                HAL_NVIC_SetPriorityGrouping
 .text.HAL_NVIC_SetPriority
                0x08002b82       0x38 ./Drivers/STM32F4xx_HAL_Driver/Src/stm32f4xx_hal_cortex.o
                0x08002b82                HAL_NVIC_SetPriority
 .text.HAL_NVIC_EnableIRQ
                0x08002bba       0x1c ./Drivers/STM32F4xx_HAL_Driver/Src/stm32f4xx_hal_cortex.o
                0x08002bba                HAL_NVIC_EnableIRQ
 .text.HAL_SYSTICK_Config
                0x08002bd6       0x18 ./Drivers/STM32F4xx_HAL_Driver/Src/stm32f4xx_hal_cortex.o
                0x08002bd6                HAL_SYSTICK_Config
 *fill*         0x08002bee        0x2 
 .text.HAL_DMA_Init
                0x08002bf0      0x15c ./Drivers/STM32F4xx_HAL_Driver/Src/stm32f4xx_hal_dma.o
                0x08002bf0                HAL_DMA_Init
 .text.HAL_DMA_DeInit
                0x08002d4c       0xbc ./Drivers/STM32F4xx_HAL_Driver/Src/stm32f4xx_hal_dma.o
                0x08002d4c                HAL_DMA_DeInit
 .text.DMA_CalcBaseAndBitshift
                0x08002e08       0x6c ./Drivers/STM32F4xx_HAL_Driver/Src/stm32f4xx_hal_dma.o
 .text.DMA_CheckFifoParam
                0x08002e74       0xf8 ./Drivers/STM32F4xx_HAL_Driver/Src/stm32f4xx_hal_dma.o
 .text.HAL_GPIO_Init
                0x08002f6c      0x358 ./Drivers/STM32F4xx_HAL_Driver/Src/stm32f4xx_hal_gpio.o
                0x08002f6c                HAL_GPIO_Init
 .text.HAL_GPIO_ReadPin
                0x080032c4       0x30 ./Drivers/STM32F4xx_HAL_Driver/Src/stm32f4xx_hal_gpio.o
                0x080032c4                HAL_GPIO_ReadPin
 .text.HAL_GPIO_WritePin
                0x080032f4       0x32 ./Drivers/STM32F4xx_HAL_Driver/Src/stm32f4xx_hal_gpio.o
                0x080032f4                HAL_GPIO_WritePin
 .text.HAL_GPIO_TogglePin
                0x08003326       0x34 ./Drivers/STM32F4xx_HAL_Driver/Src/stm32f4xx_hal_gpio.o
                0x08003326                HAL_GPIO_TogglePin
 .text.HAL_LTDC_Init
                0x0800335a      0x13a ./Drivers/STM32F4xx_HAL_Driver/Src/stm32f4xx_hal_ltdc.o
                0x0800335a                HAL_LTDC_Init
 .text.HAL_LTDC_MspInit
                0x08003494       0x14 ./Drivers/STM32F4xx_HAL_Driver/Src/stm32f4xx_hal_ltdc.o
                0x08003494                HAL_LTDC_MspInit
 .text.HAL_LTDC_ConfigLayer
                0x080034a8       0x7c ./Drivers/STM32F4xx_HAL_Driver/Src/stm32f4xx_hal_ltdc.o
                0x080034a8                HAL_LTDC_ConfigLayer
 .text.HAL_LTDC_EnableDither
                0x08003524       0x54 ./Drivers/STM32F4xx_HAL_Driver/Src/stm32f4xx_hal_ltdc.o
                0x08003524                HAL_LTDC_EnableDither
 .text.HAL_LTDC_SetAddress
                0x08003578       0x6c ./Drivers/STM32F4xx_HAL_Driver/Src/stm32f4xx_hal_ltdc.o
                0x08003578                HAL_LTDC_SetAddress
 .text.HAL_LTDC_Reload
                0x080035e4       0x5e ./Drivers/STM32F4xx_HAL_Driver/Src/stm32f4xx_hal_ltdc.o
                0x080035e4                HAL_LTDC_Reload
 .text.LTDC_SetConfig
                0x08003642      0x2e6 ./Drivers/STM32F4xx_HAL_Driver/Src/stm32f4xx_hal_ltdc.o
 .text.HAL_PWREx_EnableOverDrive
                0x08003928       0xa0 ./Drivers/STM32F4xx_HAL_Driver/Src/stm32f4xx_hal_pwr_ex.o
                0x08003928                HAL_PWREx_EnableOverDrive
 .text.HAL_RCC_OscConfig
                0x080039c8      0x4f0 ./Drivers/STM32F4xx_HAL_Driver/Src/stm32f4xx_hal_rcc.o
                0x080039c8                HAL_RCC_OscConfig
 .text.HAL_RCC_ClockConfig
                0x08003eb8      0x1cc ./Drivers/STM32F4xx_HAL_Driver/Src/stm32f4xx_hal_rcc.o
                0x08003eb8                HAL_RCC_ClockConfig
 .text.HAL_RCC_GetSysClockFreq
                0x08004084      0x20c ./Drivers/STM32F4xx_HAL_Driver/Src/stm32f4xx_hal_rcc.o
                0x08004084                HAL_RCC_GetSysClockFreq
 .text.HAL_RCCEx_PeriphCLKConfig
                0x08004290      0x380 ./Drivers/STM32F4xx_HAL_Driver/Src/stm32f4xx_hal_rcc_ex.o
                0x08004290                HAL_RCCEx_PeriphCLKConfig
 .text.HAL_SDRAM_Init
                0x08004610       0x68 ./Drivers/STM32F4xx_HAL_Driver/Src/stm32f4xx_hal_sdram.o
                0x08004610                HAL_SDRAM_Init
 .text.HAL_SDRAM_MspInit
                0x08004678       0x14 ./Drivers/STM32F4xx_HAL_Driver/Src/stm32f4xx_hal_sdram.o
                0x08004678                HAL_SDRAM_MspInit
 .text.HAL_SDRAM_SendCommand
                0x0800468c       0x6a ./Drivers/STM32F4xx_HAL_Driver/Src/stm32f4xx_hal_sdram.o
                0x0800468c                HAL_SDRAM_SendCommand
 .text.HAL_SDRAM_ProgramRefreshRate
                0x080046f6       0x50 ./Drivers/STM32F4xx_HAL_Driver/Src/stm32f4xx_hal_sdram.o
                0x080046f6                HAL_SDRAM_ProgramRefreshRate
 .text.HAL_SPI_Init
                0x08004746      0x112 ./Drivers/STM32F4xx_HAL_Driver/Src/stm32f4xx_hal_spi.o
                0x08004746                HAL_SPI_Init
 .text.HAL_SPI_DeInit
                0x08004858       0x50 ./Drivers/STM32F4xx_HAL_Driver/Src/stm32f4xx_hal_spi.o
                0x08004858                HAL_SPI_DeInit
 .text.HAL_SPI_MspInit
                0x080048a8       0x14 ./Drivers/STM32F4xx_HAL_Driver/Src/stm32f4xx_hal_spi.o
                0x080048a8                HAL_SPI_MspInit
 .text.HAL_SPI_MspDeInit
                0x080048bc       0x14 ./Drivers/STM32F4xx_HAL_Driver/Src/stm32f4xx_hal_spi.o
                0x080048bc                HAL_SPI_MspDeInit
 .text.HAL_SPI_Transmit
                0x080048d0      0x288 ./Drivers/STM32F4xx_HAL_Driver/Src/stm32f4xx_hal_spi.o
                0x080048d0                HAL_SPI_Transmit
 .text.HAL_SPI_Receive
                0x08004b58      0x232 ./Drivers/STM32F4xx_HAL_Driver/Src/stm32f4xx_hal_spi.o
                0x08004b58                HAL_SPI_Receive
 .text.HAL_SPI_TransmitReceive
                0x08004d8a      0x352 ./Drivers/STM32F4xx_HAL_Driver/Src/stm32f4xx_hal_spi.o
                0x08004d8a                HAL_SPI_TransmitReceive
 .text.HAL_SPI_GetState
                0x080050dc       0x1c ./Drivers/STM32F4xx_HAL_Driver/Src/stm32f4xx_hal_spi.o
                0x080050dc                HAL_SPI_GetState
 .text.SPI_WaitFlagStateUntilTimeout
                0x080050f8      0x110 ./Drivers/STM32F4xx_HAL_Driver/Src/stm32f4xx_hal_spi.o
 .text.SPI_EndRxTransaction
                0x08005208       0xca ./Drivers/STM32F4xx_HAL_Driver/Src/stm32f4xx_hal_spi.o
 *fill*         0x080052d2        0x2 
 .text.SPI_EndRxTxTransaction
                0x080052d4       0xa8 ./Drivers/STM32F4xx_HAL_Driver/Src/stm32f4xx_hal_spi.o
 .text.HAL_TIM_Base_Init
                0x0800537c       0x9e ./Drivers/STM32F4xx_HAL_Driver/Src/stm32f4xx_hal_tim.o
                0x0800537c                HAL_TIM_Base_Init
 .text.HAL_TIM_Base_MspInit
                0x0800541a       0x14 ./Drivers/STM32F4xx_HAL_Driver/Src/stm32f4xx_hal_tim.o
                0x0800541a                HAL_TIM_Base_MspInit
 *fill*         0x0800542e        0x2 
 .text.HAL_TIM_Base_Start_IT
                0x08005430       0xe0 ./Drivers/STM32F4xx_HAL_Driver/Src/stm32f4xx_hal_tim.o
                0x08005430                HAL_TIM_Base_Start_IT
 .text.HAL_TIM_Base_Stop_IT
                0x08005510       0x5e ./Drivers/STM32F4xx_HAL_Driver/Src/stm32f4xx_hal_tim.o
                0x08005510                HAL_TIM_Base_Stop_IT
 .text.HAL_TIM_IRQHandler
                0x0800556e      0x1e0 ./Drivers/STM32F4xx_HAL_Driver/Src/stm32f4xx_hal_tim.o
                0x0800556e                HAL_TIM_IRQHandler
 .text.HAL_TIM_OC_DelayElapsedCallback
                0x0800574e       0x14 ./Drivers/STM32F4xx_HAL_Driver/Src/stm32f4xx_hal_tim.o
                0x0800574e                HAL_TIM_OC_DelayElapsedCallback
 .text.HAL_TIM_IC_CaptureCallback
                0x08005762       0x14 ./Drivers/STM32F4xx_HAL_Driver/Src/stm32f4xx_hal_tim.o
                0x08005762                HAL_TIM_IC_CaptureCallback
 .text.HAL_TIM_PWM_PulseFinishedCallback
                0x08005776       0x14 ./Drivers/STM32F4xx_HAL_Driver/Src/stm32f4xx_hal_tim.o
                0x08005776                HAL_TIM_PWM_PulseFinishedCallback
 .text.HAL_TIM_TriggerCallback
                0x0800578a       0x14 ./Drivers/STM32F4xx_HAL_Driver/Src/stm32f4xx_hal_tim.o
                0x0800578a                HAL_TIM_TriggerCallback
 *fill*         0x0800579e        0x2 
 .text.TIM_Base_SetConfig
                0x080057a0      0x14c ./Drivers/STM32F4xx_HAL_Driver/Src/stm32f4xx_hal_tim.o
                0x080057a0                TIM_Base_SetConfig
 .text.HAL_TIMEx_CommutCallback
                0x080058ec       0x14 ./Drivers/STM32F4xx_HAL_Driver/Src/stm32f4xx_hal_tim_ex.o
                0x080058ec                HAL_TIMEx_CommutCallback
 .text.HAL_TIMEx_BreakCallback
                0x08005900       0x14 ./Drivers/STM32F4xx_HAL_Driver/Src/stm32f4xx_hal_tim_ex.o
                0x08005900                HAL_TIMEx_BreakCallback
 .text.FMC_SDRAM_Init
                0x08005914       0xba ./Drivers/STM32F4xx_HAL_Driver/Src/stm32f4xx_ll_fmc.o
                0x08005914                FMC_SDRAM_Init
 .text.FMC_SDRAM_Timing_Init
                0x080059ce       0xd2 ./Drivers/STM32F4xx_HAL_Driver/Src/stm32f4xx_ll_fmc.o
                0x080059ce                FMC_SDRAM_Timing_Init
 .text.FMC_SDRAM_SendCommand
                0x08005aa0       0x7a ./Drivers/STM32F4xx_HAL_Driver/Src/stm32f4xx_ll_fmc.o
                0x08005aa0                FMC_SDRAM_SendCommand
 .text.FMC_SDRAM_ProgramRefreshRate
                0x08005b1a       0x2e ./Drivers/STM32F4xx_HAL_Driver/Src/stm32f4xx_ll_fmc.o
                0x08005b1a                FMC_SDRAM_ProgramRefreshRate
 .text.snprintf
                0x08005b48       0x6c D:/STM32CubeIDE_2.1.1/STM32CubeIDE/plugins/com.st.stm32cube.ide.mcu.externaltools.gnu-tools-for-stm32.14.3.rel1.win32_1.0.100.202602081740/tools/bin/../lib/gcc/arm-none-eabi/14.3.1/../../../../arm-none-eabi/lib/thumb/v7e-m+fp/hard\libc_nano.a(libc_a-snprintf.o)
                0x08005b48                sniprintf
                0x08005b48                snprintf
 .text.memset   0x08005bb4       0x10 D:/STM32CubeIDE_2.1.1/STM32CubeIDE/plugins/com.st.stm32cube.ide.mcu.externaltools.gnu-tools-for-stm32.14.3.rel1.win32_1.0.100.202602081740/tools/bin/../lib/gcc/arm-none-eabi/14.3.1/../../../../arm-none-eabi/lib/thumb/v7e-m+fp/hard\libc_nano.a(libc_a-memset.o)
                0x08005bb4                memset
 .text.__errno  0x08005bc4        0xc D:/STM32CubeIDE_2.1.1/STM32CubeIDE/plugins/com.st.stm32cube.ide.mcu.externaltools.gnu-tools-for-stm32.14.3.rel1.win32_1.0.100.202602081740/tools/bin/../lib/gcc/arm-none-eabi/14.3.1/../../../../arm-none-eabi/lib/thumb/v7e-m+fp/hard\libc_nano.a(libc_a-errno.o)
                0x08005bc4                __errno
 .text.__libc_init_array
                0x08005bd0       0x48 D:/STM32CubeIDE_2.1.1/STM32CubeIDE/plugins/com.st.stm32cube.ide.mcu.externaltools.gnu-tools-for-stm32.14.3.rel1.win32_1.0.100.202602081740/tools/bin/../lib/gcc/arm-none-eabi/14.3.1/../../../../arm-none-eabi/lib/thumb/v7e-m+fp/hard\libc_nano.a(libc_a-init.o)
                0x08005bd0                __libc_init_array
 .text.__retarget_lock_acquire_recursive
                0x08005c18        0x2 D:/STM32CubeIDE_2.1.1/STM32CubeIDE/plugins/com.st.stm32cube.ide.mcu.externaltools.gnu-tools-for-stm32.14.3.rel1.win32_1.0.100.202602081740/tools/bin/../lib/gcc/arm-none-eabi/14.3.1/../../../../arm-none-eabi/lib/thumb/v7e-m+fp/hard\libc_nano.a(libc_a-lock.o)
                0x08005c18                __retarget_lock_acquire_recursive
 .text.__retarget_lock_release_recursive
                0x08005c1a        0x2 D:/STM32CubeIDE_2.1.1/STM32CubeIDE/plugins/com.st.stm32cube.ide.mcu.externaltools.gnu-tools-for-stm32.14.3.rel1.win32_1.0.100.202602081740/tools/bin/../lib/gcc/arm-none-eabi/14.3.1/../../../../arm-none-eabi/lib/thumb/v7e-m+fp/hard\libc_nano.a(libc_a-lock.o)
                0x08005c1a                __retarget_lock_release_recursive
 .text._free_r  0x08005c1c       0x94 D:/STM32CubeIDE_2.1.1/STM32CubeIDE/plugins/com.st.stm32cube.ide.mcu.externaltools.gnu-tools-for-stm32.14.3.rel1.win32_1.0.100.202602081740/tools/bin/../lib/gcc/arm-none-eabi/14.3.1/../../../../arm-none-eabi/lib/thumb/v7e-m+fp/hard\libc_nano.a(libc_a-freer.o)
                0x08005c1c                _free_r
 .text.sbrk_aligned
                0x08005cb0       0x44 D:/STM32CubeIDE_2.1.1/STM32CubeIDE/plugins/com.st.stm32cube.ide.mcu.externaltools.gnu-tools-for-stm32.14.3.rel1.win32_1.0.100.202602081740/tools/bin/../lib/gcc/arm-none-eabi/14.3.1/../../../../arm-none-eabi/lib/thumb/v7e-m+fp/hard\libc_nano.a(libc_a-mallocr.o)
 .text._malloc_r
                0x08005cf4      0x100 D:/STM32CubeIDE_2.1.1/STM32CubeIDE/plugins/com.st.stm32cube.ide.mcu.externaltools.gnu-tools-for-stm32.14.3.rel1.win32_1.0.100.202602081740/tools/bin/../lib/gcc/arm-none-eabi/14.3.1/../../../../arm-none-eabi/lib/thumb/v7e-m+fp/hard\libc_nano.a(libc_a-mallocr.o)
                0x08005cf4                _malloc_r
 .text.__malloc_lock
                0x08005df4        0xc D:/STM32CubeIDE_2.1.1/STM32CubeIDE/plugins/com.st.stm32cube.ide.mcu.externaltools.gnu-tools-for-stm32.14.3.rel1.win32_1.0.100.202602081740/tools/bin/../lib/gcc/arm-none-eabi/14.3.1/../../../../arm-none-eabi/lib/thumb/v7e-m+fp/hard\libc_nano.a(libc_a-mlock.o)
                0x08005df4                __malloc_lock
 .text.__malloc_unlock
                0x08005e00        0xc D:/STM32CubeIDE_2.1.1/STM32CubeIDE/plugins/com.st.stm32cube.ide.mcu.externaltools.gnu-tools-for-stm32.14.3.rel1.win32_1.0.100.202602081740/tools/bin/../lib/gcc/arm-none-eabi/14.3.1/../../../../arm-none-eabi/lib/thumb/v7e-m+fp/hard\libc_nano.a(libc_a-mlock.o)
                0x08005e00                __malloc_unlock
 .text.__ssputs_r
                0x08005e0c       0xc0 D:/STM32CubeIDE_2.1.1/STM32CubeIDE/plugins/com.st.stm32cube.ide.mcu.externaltools.gnu-tools-for-stm32.14.3.rel1.win32_1.0.100.202602081740/tools/bin/../lib/gcc/arm-none-eabi/14.3.1/../../../../arm-none-eabi/lib/thumb/v7e-m+fp/hard\libc_nano.a(libc_a-nano-svfprintf.o)
                0x08005e0c                __ssputs_r
 .text._svfprintf_r
                0x08005ecc      0x1f0 D:/STM32CubeIDE_2.1.1/STM32CubeIDE/plugins/com.st.stm32cube.ide.mcu.externaltools.gnu-tools-for-stm32.14.3.rel1.win32_1.0.100.202602081740/tools/bin/../lib/gcc/arm-none-eabi/14.3.1/../../../../arm-none-eabi/lib/thumb/v7e-m+fp/hard\libc_nano.a(libc_a-nano-svfprintf.o)
                0x08005ecc                _svfiprintf_r
                0x08005ecc                _svfprintf_r
 .text._printf_common
                0x080060bc       0xda D:/STM32CubeIDE_2.1.1/STM32CubeIDE/plugins/com.st.stm32cube.ide.mcu.externaltools.gnu-tools-for-stm32.14.3.rel1.win32_1.0.100.202602081740/tools/bin/../lib/gcc/arm-none-eabi/14.3.1/../../../../arm-none-eabi/lib/thumb/v7e-m+fp/hard\libc_nano.a(libc_a-nano-vfprintf_i.o)
                0x080060bc                _printf_common
 *fill*         0x08006196        0x2 
 .text._printf_i
                0x08006198      0x24c D:/STM32CubeIDE_2.1.1/STM32CubeIDE/plugins/com.st.stm32cube.ide.mcu.externaltools.gnu-tools-for-stm32.14.3.rel1.win32_1.0.100.202602081740/tools/bin/../lib/gcc/arm-none-eabi/14.3.1/../../../../arm-none-eabi/lib/thumb/v7e-m+fp/hard\libc_nano.a(libc_a-nano-vfprintf_i.o)
                0x08006198                _printf_i
 .text.memmove  0x080063e4       0x32 D:/STM32CubeIDE_2.1.1/STM32CubeIDE/plugins/com.st.stm32cube.ide.mcu.externaltools.gnu-tools-for-stm32.14.3.rel1.win32_1.0.100.202602081740/tools/bin/../lib/gcc/arm-none-eabi/14.3.1/../../../../arm-none-eabi/lib/thumb/v7e-m+fp/hard\libc_nano.a(libc_a-memmove.o)
                0x080063e4                memmove
 *fill*         0x08006416        0x2 
 .text._sbrk_r  0x08006418       0x20 D:/STM32CubeIDE_2.1.1/STM32CubeIDE/plugins/com.st.stm32cube.ide.mcu.externaltools.gnu-tools-for-stm32.14.3.rel1.win32_1.0.100.202602081740/tools/bin/../lib/gcc/arm-none-eabi/14.3.1/../../../../arm-none-eabi/lib/thumb/v7e-m+fp/hard\libc_nano.a(libc_a-sbrkr.o)
                0x08006418                _sbrk_r
 .text.memcpy   0x08006438       0x1c D:/STM32CubeIDE_2.1.1/STM32CubeIDE/plugins/com.st.stm32cube.ide.mcu.externaltools.gnu-tools-for-stm32.14.3.rel1.win32_1.0.100.202602081740/tools/bin/../lib/gcc/arm-none-eabi/14.3.1/../../../../arm-none-eabi/lib/thumb/v7e-m+fp/hard\libc_nano.a(libc_a-memcpy-stub.o)
                0x08006438                memcpy
 .text._realloc_r
                0x08006454       0x5c D:/STM32CubeIDE_2.1.1/STM32CubeIDE/plugins/com.st.stm32cube.ide.mcu.externaltools.gnu-tools-for-stm32.14.3.rel1.win32_1.0.100.202602081740/tools/bin/../lib/gcc/arm-none-eabi/14.3.1/../../../../arm-none-eabi/lib/thumb/v7e-m+fp/hard\libc_nano.a(libc_a-reallocr.o)
                0x08006454                _realloc_r
 .text._malloc_usable_size_r
                0x080064b0       0x10 D:/STM32CubeIDE_2.1.1/STM32CubeIDE/plugins/com.st.stm32cube.ide.mcu.externaltools.gnu-tools-for-stm32.14.3.rel1.win32_1.0.100.202602081740/tools/bin/../lib/gcc/arm-none-eabi/14.3.1/../../../../arm-none-eabi/lib/thumb/v7e-m+fp/hard\libc_nano.a(libc_a-msizer.o)
                0x080064b0                _malloc_usable_size_r
 *(.glue_7)
 .glue_7        0x080064c0        0x0 linker stubs
 *(.glue_7t)
 .glue_7t       0x080064c0        0x0 linker stubs
 *(.eh_frame)
 .eh_frame      0x080064c0        0x0 D:/STM32CubeIDE_2.1.1/STM32CubeIDE/plugins/com.st.stm32cube.ide.mcu.externaltools.gnu-tools-for-stm32.14.3.rel1.win32_1.0.100.202602081740/tools/bin/../lib/gcc/arm-none-eabi/14.3.1/thumb/v7e-m+fp/hard/crtbegin.o
 *(.init)
 .init          0x080064c0        0x4 D:/STM32CubeIDE_2.1.1/STM32CubeIDE/plugins/com.st.stm32cube.ide.mcu.externaltools.gnu-tools-for-stm32.14.3.rel1.win32_1.0.100.202602081740/tools/bin/../lib/gcc/arm-none-eabi/14.3.1/thumb/v7e-m+fp/hard/crti.o
                0x080064c0                _init
 .init          0x080064c4        0x8 D:/STM32CubeIDE_2.1.1/STM32CubeIDE/plugins/com.st.stm32cube.ide.mcu.externaltools.gnu-tools-for-stm32.14.3.rel1.win32_1.0.100.202602081740/tools/bin/../lib/gcc/arm-none-eabi/14.3.1/thumb/v7e-m+fp/hard/crtn.o
 *(.fini)
 .fini          0x080064cc        0x4 D:/STM32CubeIDE_2.1.1/STM32CubeIDE/plugins/com.st.stm32cube.ide.mcu.externaltools.gnu-tools-for-stm32.14.3.rel1.win32_1.0.100.202602081740/tools/bin/../lib/gcc/arm-none-eabi/14.3.1/thumb/v7e-m+fp/hard/crti.o
                0x080064cc                _fini
 .fini          0x080064d0        0x8 D:/STM32CubeIDE_2.1.1/STM32CubeIDE/plugins/com.st.stm32cube.ide.mcu.externaltools.gnu-tools-for-stm32.14.3.rel1.win32_1.0.100.202602081740/tools/bin/../lib/gcc/arm-none-eabi/14.3.1/thumb/v7e-m+fp/hard/crtn.o
                0x080064d8                        . = ALIGN (0x4)
                0x080064d8                        _etext = .

.vfp11_veneer   0x080064d8        0x0
 .vfp11_veneer  0x080064d8        0x0 linker stubs

.v4_bx          0x080064d8        0x0
 .v4_bx         0x080064d8        0x0 linker stubs

.iplt           0x080064d8        0x0
 .iplt          0x080064d8        0x0 D:/STM32CubeIDE_2.1.1/STM32CubeIDE/plugins/com.st.stm32cube.ide.mcu.externaltools.gnu-tools-for-stm32.14.3.rel1.win32_1.0.100.202602081740/tools/bin/../lib/gcc/arm-none-eabi/14.3.1/thumb/v7e-m+fp/hard/crtbegin.o

.rodata         0x080064d8    0xafda0
                0x080064d8                        . = ALIGN (0x4)
 *(.rodata)
 .rodata        0x080064d8       0x26 ./Core/Src/game.o
 *(.rodata*)
 *fill*         0x080064fe        0x2 
 .rodata.sprite_background
                0x08006500    0x4b000 ./Core/Src/assets.o
                0x08006500                sprite_background
 .rodata.sprite_ground
                0x08051500     0xfc00 ./Core/Src/assets.o
                0x08051500                sprite_ground
 .rodata.sprite_bird1
                0x08061100      0xcc0 ./Core/Src/assets.o
                0x08061100                sprite_bird1
 .rodata.sprite_bird2
                0x08061dc0      0xcc0 ./Core/Src/assets.o
                0x08061dc0                sprite_bird2
 .rodata.sprite_bird3
                0x08062a80      0xcc0 ./Core/Src/assets.o
                0x08062a80                sprite_bird3
 .rodata.sprite_pipe
                0x08063740    0x10400 ./Core/Src/assets.o
                0x08063740                sprite_pipe
 .rodata.sprite_gameover
                0x08073b40     0x7e00 ./Core/Src/assets.o
                0x08073b40                sprite_gameover
 .rodata.sprite_message
                0x0807b940    0x2ffa0 ./Core/Src/assets.o
                0x0807b940                sprite_message
 .rodata.sprite_number_0
                0x080ab8e0      0xd80 ./Core/Src/assets.o
                0x080ab8e0                sprite_number_0
 .rodata.sprite_number_1
                0x080ac660      0x900 ./Core/Src/assets.o
                0x080ac660                sprite_number_1
 .rodata.sprite_number_2
                0x080acf60      0xd80 ./Core/Src/assets.o
                0x080acf60                sprite_number_2
 .rodata.sprite_number_3
                0x080adce0      0xd80 ./Core/Src/assets.o
                0x080adce0                sprite_number_3
 .rodata.sprite_number_4
                0x080aea60      0xd80 ./Core/Src/assets.o
                0x080aea60                sprite_number_4
 .rodata.sprite_number_5
                0x080af7e0      0xd80 ./Core/Src/assets.o
                0x080af7e0                sprite_number_5
 .rodata.sprite_number_6
                0x080b0560      0xd80 ./Core/Src/assets.o
                0x080b0560                sprite_number_6
 .rodata.sprite_number_7
                0x080b12e0      0xd80 ./Core/Src/assets.o
                0x080b12e0                sprite_number_7
 .rodata.sprite_number_8
                0x080b2060      0xd80 ./Core/Src/assets.o
                0x080b2060                sprite_number_8
 .rodata.sprite_number_9
                0x080b2de0      0xd80 ./Core/Src/assets.o
                0x080b2de0                sprite_number_9
 .rodata.sprite_numbers
                0x080b3b60       0x28 ./Core/Src/assets.o
                0x080b3b60                sprite_numbers
 .rodata.sprite_number_widths
                0x080b3b88        0xa ./Core/Src/assets.o
                0x080b3b88                sprite_number_widths
 *fill*         0x080b3b92        0x2 
 .rodata.AHBPrescTable
                0x080b3b94       0x10 ./Core/Src/system_stm32f4xx.o
                0x080b3b94                AHBPrescTable
 .rodata.Font16_Table
                0x080b3ba4      0xbe0 ./Drivers/BSP/Fonts/font16.o
                0x080b3ba4                Font16_Table
 .rodata.Font24_Table
                0x080b4784     0x1ab8 ./Drivers/BSP/Fonts/font24.o
                0x080b4784                Font24_Table
 .rodata.flagBitshiftOffset.0
                0x080b623c        0x8 ./Drivers/STM32F4xx_HAL_Driver/Src/stm32f4xx_hal_dma.o
 .rodata._svfprintf_r.str1.1
                0x080b6244       0x33 D:/STM32CubeIDE_2.1.1/STM32CubeIDE/plugins/com.st.stm32cube.ide.mcu.externaltools.gnu-tools-for-stm32.14.3.rel1.win32_1.0.100.202602081740/tools/bin/../lib/gcc/arm-none-eabi/14.3.1/../../../../arm-none-eabi/lib/thumb/v7e-m+fp/hard\libc_nano.a(libc_a-nano-svfprintf.o)
                                 0x11 (size before relaxing)
 .rodata._printf_i.str1.1
                0x080b6277       0x22 D:/STM32CubeIDE_2.1.1/STM32CubeIDE/plugins/com.st.stm32cube.ide.mcu.externaltools.gnu-tools-for-stm32.14.3.rel1.win32_1.0.100.202602081740/tools/bin/../lib/gcc/arm-none-eabi/14.3.1/../../../../arm-none-eabi/lib/thumb/v7e-m+fp/hard\libc_nano.a(libc_a-nano-vfprintf_i.o)
                0x080b629c                        . = ALIGN (0x4)
 *fill*         0x080b6277        0x1 

.ARM.extab      0x080b6278        0x0
                0x080b6278                        . = ALIGN (0x4)
 *(.ARM.extab* .gnu.linkonce.armextab.*)
                0x080b6278                        . = ALIGN (0x4)

.ARM            0x080b6278        0x8
                0x080b6278                        . = ALIGN (0x4)
                0x080b6278                        __exidx_start = .
 *(.ARM.exidx*)
 .ARM.exidx     0x080b6278        0x8 D:/STM32CubeIDE_2.1.1/STM32CubeIDE/plugins/com.st.stm32cube.ide.mcu.externaltools.gnu-tools-for-stm32.14.3.rel1.win32_1.0.100.202602081740/tools/bin/../lib/gcc/arm-none-eabi/14.3.1/../../../../arm-none-eabi/lib/thumb/v7e-m+fp/hard\libc_nano.a(libc_a-strlen.o)
 .ARM.exidx     0x080b6280        0x0 D:/STM32CubeIDE_2.1.1/STM32CubeIDE/plugins/com.st.stm32cube.ide.mcu.externaltools.gnu-tools-for-stm32.14.3.rel1.win32_1.0.100.202602081740/tools/bin/../lib/gcc/arm-none-eabi/14.3.1/../../../../arm-none-eabi/lib/thumb/v7e-m+fp/hard\libc_nano.a(libc_a-memchr.o)
                                  0x8 (size before relaxing)
 .ARM.exidx     0x080b6280        0x0 D:/STM32CubeIDE_2.1.1/STM32CubeIDE/plugins/com.st.stm32cube.ide.mcu.externaltools.gnu-tools-for-stm32.14.3.rel1.win32_1.0.100.202602081740/tools/bin/../lib/gcc/arm-none-eabi/14.3.1/thumb/v7e-m+fp/hard\libgcc.a(_udivmoddi4.o)
                                  0x8 (size before relaxing)
                0x080b6280                        __exidx_end = .
                0x080b6280                        . = ALIGN (0x4)

.preinit_array  0x080b6280        0x0
                0x080b6280                        . = ALIGN (0x4)
                0x080b6280                        PROVIDE (__preinit_array_start = .)
 *(.preinit_array*)
                0x080b6280                        PROVIDE (__preinit_array_end = .)
                0x080b6280                        . = ALIGN (0x4)

.init_array     0x080b6280        0x4
                0x080b6280                        . = ALIGN (0x4)
                0x080b6280                        PROVIDE (__init_array_start = .)
 *(SORT_BY_NAME(.init_array.*))
 *(.init_array*)
 .init_array    0x080b6280        0x4 D:/STM32CubeIDE_2.1.1/STM32CubeIDE/plugins/com.st.stm32cube.ide.mcu.externaltools.gnu-tools-for-stm32.14.3.rel1.win32_1.0.100.202602081740/tools/bin/../lib/gcc/arm-none-eabi/14.3.1/thumb/v7e-m+fp/hard/crtbegin.o
                0x080b6284                        PROVIDE (__init_array_end = .)
                0x080b6284                        . = ALIGN (0x4)

.fini_array     0x080b6284        0x4
                0x080b6284                        . = ALIGN (0x4)
                [!provide]                        PROVIDE (__fini_array_start = .)
 *(SORT_BY_NAME(.fini_array.*))
 *(.fini_array*)
 .fini_array    0x080b6284        0x4 D:/STM32CubeIDE_2.1.1/STM32CubeIDE/plugins/com.st.stm32cube.ide.mcu.externaltools.gnu-tools-for-stm32.14.3.rel1.win32_1.0.100.202602081740/tools/bin/../lib/gcc/arm-none-eabi/14.3.1/thumb/v7e-m+fp/hard/crtbegin.o
                [!provide]                        PROVIDE (__fini_array_end = .)
                0x080b6288                        . = ALIGN (0x4)
                0x080b6288                        _sidata = LOADADDR (.data)

.rel.dyn        0x080b6288        0x0
 .rel.iplt      0x080b6288        0x0 D:/STM32CubeIDE_2.1.1/STM32CubeIDE/plugins/com.st.stm32cube.ide.mcu.externaltools.gnu-tools-for-stm32.14.3.rel1.win32_1.0.100.202602081740/tools/bin/../lib/gcc/arm-none-eabi/14.3.1/thumb/v7e-m+fp/hard/crtbegin.o

.data           0x20000000       0xb4 load address 0x080b6288
                0x20000000                        . = ALIGN (0x4)
                0x20000000                        _sdata = .
 *(.data)
 *(.data*)
 .data.g_rng    0x20000000        0x4 ./Core/Src/game.o
 .data.SystemCoreClock
                0x20000004        0x4 ./Core/Src/system_stm32f4xx.o
                0x20000004                SystemCoreClock
 .data.ili9341_drv
                0x20000008       0x38 ./Drivers/BSP/Components/ili9341/ili9341.o
                0x20000008                ili9341_drv
 .data.Font16   0x20000040        0x8 ./Drivers/BSP/Fonts/font16.o
                0x20000040                Font16
 .data.Font24   0x20000048        0x8 ./Drivers/BSP/Fonts/font24.o
                0x20000048                Font24
 .data.BUTTON_PORT
                0x20000050        0x4 ./Drivers/BSP/STM32F429I-Discovery/stm32f429i_discovery.o
                0x20000050                BUTTON_PORT
 .data.SpixTimeout
                0x20000054        0x4 ./Drivers/BSP/STM32F429I-Discovery/stm32f429i_discovery.o
                0x20000054                SpixTimeout
 .data.sdramstatus.2
                0x20000058        0x1 ./Drivers/BSP/STM32F429I-Discovery/stm32f429i_discovery_sdram.o
 *fill*         0x20000059        0x3 
 .data.uwTickPrio
                0x2000005c        0x4 ./Drivers/STM32F4xx_HAL_Driver/Src/stm32f4xx_hal.o
                0x2000005c                uwTickPrio
 .data.uwTickFreq
                0x20000060        0x1 ./Drivers/STM32F4xx_HAL_Driver/Src/stm32f4xx_hal.o
                0x20000060                uwTickFreq
 *fill*         0x20000061        0x3 
 .data._impure_ptr
                0x20000064        0x4 D:/STM32CubeIDE_2.1.1/STM32CubeIDE/plugins/com.st.stm32cube.ide.mcu.externaltools.gnu-tools-for-stm32.14.3.rel1.win32_1.0.100.202602081740/tools/bin/../lib/gcc/arm-none-eabi/14.3.1/../../../../arm-none-eabi/lib/thumb/v7e-m+fp/hard\libc_nano.a(libc_a-impure.o)
                0x20000064                _impure_ptr
 .data._impure_data
                0x20000068       0x4c D:/STM32CubeIDE_2.1.1/STM32CubeIDE/plugins/com.st.stm32cube.ide.mcu.externaltools.gnu-tools-for-stm32.14.3.rel1.win32_1.0.100.202602081740/tools/bin/../lib/gcc/arm-none-eabi/14.3.1/../../../../arm-none-eabi/lib/thumb/v7e-m+fp/hard\libc_nano.a(libc_a-impure.o)
                0x20000068                _impure_data
 *(.RamFunc)
 *(.RamFunc*)
                0x200000b4                        . = ALIGN (0x4)
                0x200000b4                        _edata = .
                0x080b633c                        _siccmram = LOADADDR (.ccmram)

.igot.plt       0x200000b4        0x0 load address 0x080b633c
 .igot.plt      0x200000b4        0x0 D:/STM32CubeIDE_2.1.1/STM32CubeIDE/plugins/com.st.stm32cube.ide.mcu.externaltools.gnu-tools-for-stm32.14.3.rel1.win32_1.0.100.202602081740/tools/bin/../lib/gcc/arm-none-eabi/14.3.1/thumb/v7e-m+fp/hard/crtbegin.o

.ccmram         0x10000000        0x0 load address 0x080b633c
                0x10000000                        . = ALIGN (0x4)
                0x10000000                        _sccmram = .
 *(.ccmram)
 *(.ccmram*)
                0x10000000                        . = ALIGN (0x4)
                0x10000000                        _eccmram = .
                0x10000000                        . = ALIGN (0x4)

.bss            0x200000b4      0x408
                0x200000b4                        _sbss = .
                0x200000b4                        __bss_start__ = _sbss
 *(.bss)
 .bss           0x200000b4       0x1c D:/STM32CubeIDE_2.1.1/STM32CubeIDE/plugins/com.st.stm32cube.ide.mcu.externaltools.gnu-tools-for-stm32.14.3.rel1.win32_1.0.100.202602081740/tools/bin/../lib/gcc/arm-none-eabi/14.3.1/thumb/v7e-m+fp/hard/crtbegin.o
 *(.bss*)
 .bss.g_state   0x200000d0        0x1 ./Core/Src/game.o
 *fill*         0x200000d1        0x3 
 .bss.g_bird_y  0x200000d4        0x4 ./Core/Src/game.o
 .bss.g_bird_vy
                0x200000d8        0x4 ./Core/Src/game.o
 .bss.g_pipes   0x200000dc       0x12 ./Core/Src/game.o
 *fill*         0x200000ee        0x2 
 .bss.g_score   0x200000f0        0x4 ./Core/Src/game.o
 .bss.g_best    0x200000f4        0x4 ./Core/Src/game.o
 .bss.g_active_layer
                0x200000f8        0x4 ./Core/Src/game.o
 .bss.g_ground_scroll
                0x200000fc        0x2 ./Core/Src/game.o
 *fill*         0x200000fe        0x2 
 .bss.g_frame_count
                0x20000100        0x4 ./Core/Src/game.o
 .bss.htim4     0x20000104       0x48 ./Core/Src/game.o
                0x20000104                htim4
 .bss.g_current_sound
                0x2000014c        0x1 ./Core/Src/game.o
 *fill*         0x2000014d        0x3 
 .bss.g_sound_frame
                0x20000150        0x4 ./Core/Src/game.o
 .bss.g_btn_prev
                0x20000154        0x1 ./Core/Src/game.o
 *fill*         0x20000155        0x3 
 .bss.__sbrk_heap_end
                0x20000158        0x4 ./Core/Src/sysmem.o
 .bss.SpiHandle
                0x2000015c       0x58 ./Drivers/BSP/STM32F429I-Discovery/stm32f429i_discovery.o
 .bss.Is_LCD_IO_Initialized
                0x200001b4        0x1 ./Drivers/BSP/STM32F429I-Discovery/stm32f429i_discovery.o
 *fill*         0x200001b5        0x3 
 .bss.LtdcHandler
                0x200001b8       0xa8 ./Drivers/BSP/STM32F429I-Discovery/stm32f429i_discovery_lcd.o
                0x200001b8                LtdcHandler
 .bss.PeriphClkInitStruct
                0x20000260       0x30 ./Drivers/BSP/STM32F429I-Discovery/stm32f429i_discovery_lcd.o
 .bss.ActiveLayer
                0x20000290        0x4 ./Drivers/BSP/STM32F429I-Discovery/stm32f429i_discovery_lcd.o
 .bss.DrawProp  0x20000294       0x18 ./Drivers/BSP/STM32F429I-Discovery/stm32f429i_discovery_lcd.o
 .bss.LcdDrv    0x200002ac        0x4 ./Drivers/BSP/STM32F429I-Discovery/stm32f429i_discovery_lcd.o
                0x200002ac                LcdDrv
 .bss.SdramHandle
                0x200002b0       0x34 ./Drivers/BSP/STM32F429I-Discovery/stm32f429i_discovery_sdram.o
 .bss.Timing    0x200002e4       0x1c ./Drivers/BSP/STM32F429I-Discovery/stm32f429i_discovery_sdram.o
 .bss.Command   0x20000300       0x10 ./Drivers/BSP/STM32F429I-Discovery/stm32f429i_discovery_sdram.o
 .bss.dmaHandle.1
                0x20000310       0x60 ./Drivers/BSP/STM32F429I-Discovery/stm32f429i_discovery_sdram.o
 .bss.uwTick    0x20000370        0x4 ./Drivers/STM32F4xx_HAL_Driver/Src/stm32f4xx_hal.o
                0x20000370                uwTick
 .bss.__sf      0x20000374      0x138 D:/STM32CubeIDE_2.1.1/STM32CubeIDE/plugins/com.st.stm32cube.ide.mcu.externaltools.gnu-tools-for-stm32.14.3.rel1.win32_1.0.100.202602081740/tools/bin/../lib/gcc/arm-none-eabi/14.3.1/../../../../arm-none-eabi/lib/thumb/v7e-m+fp/hard\libc_nano.a(libc_a-findfp.o)
                0x20000374                __sf
 .bss.errno     0x200004ac        0x4 D:/STM32CubeIDE_2.1.1/STM32CubeIDE/plugins/com.st.stm32cube.ide.mcu.externaltools.gnu-tools-for-stm32.14.3.rel1.win32_1.0.100.202602081740/tools/bin/../lib/gcc/arm-none-eabi/14.3.1/../../../../arm-none-eabi/lib/thumb/v7e-m+fp/hard\libc_nano.a(libc_a-reent.o)
                0x200004ac                errno
 .bss.__lock___malloc_recursive_mutex
                0x200004b0        0x1 D:/STM32CubeIDE_2.1.1/STM32CubeIDE/plugins/com.st.stm32cube.ide.mcu.externaltools.gnu-tools-for-stm32.14.3.rel1.win32_1.0.100.202602081740/tools/bin/../lib/gcc/arm-none-eabi/14.3.1/../../../../arm-none-eabi/lib/thumb/v7e-m+fp/hard\libc_nano.a(libc_a-lock.o)
                0x200004b0                __lock___malloc_recursive_mutex
 *fill*         0x200004b1        0x3 
 .bss.__malloc_sbrk_start
                0x200004b4        0x4 D:/STM32CubeIDE_2.1.1/STM32CubeIDE/plugins/com.st.stm32cube.ide.mcu.externaltools.gnu-tools-for-stm32.14.3.rel1.win32_1.0.100.202602081740/tools/bin/../lib/gcc/arm-none-eabi/14.3.1/../../../../arm-none-eabi/lib/thumb/v7e-m+fp/hard\libc_nano.a(libc_a-mallocr.o)
                0x200004b4                __malloc_sbrk_start
 .bss.__malloc_free_list
                0x200004b8        0x4 D:/STM32CubeIDE_2.1.1/STM32CubeIDE/plugins/com.st.stm32cube.ide.mcu.externaltools.gnu-tools-for-stm32.14.3.rel1.win32_1.0.100.202602081740/tools/bin/../lib/gcc/arm-none-eabi/14.3.1/../../../../arm-none-eabi/lib/thumb/v7e-m+fp/hard\libc_nano.a(libc_a-mallocr.o)
                0x200004b8                __malloc_free_list
 *(COMMON)
                0x200004bc                        . = ALIGN (0x4)
                0x200004bc                        _ebss = .
                0x200004bc                        __bss_end__ = _ebss

._user_heap_stack
                0x200004bc      0x604
                0x200004c0                        . = ALIGN (0x8)
 *fill*         0x200004bc        0x4 
                [!provide]                        PROVIDE (end = .)
                0x200004c0                        PROVIDE (_end = .)
                0x200006c0                        . = (. + _Min_Heap_Size)
 *fill*         0x200004c0      0x200 
                0x20000ac0                        . = (. + _Min_Stack_Size)
 *fill*         0x200006c0      0x400 
                0x20000ac0                        . = ALIGN (0x8)

/DISCARD/
 libc.a(*)
 libm.a(*)
 libgcc.a(*)

.ARM.attributes
                0x00000000       0x30
 *(.ARM.attributes)
 .ARM.attributes
                0x00000000       0x22 D:/STM32CubeIDE_2.1.1/STM32CubeIDE/plugins/com.st.stm32cube.ide.mcu.externaltools.gnu-tools-for-stm32.14.3.rel1.win32_1.0.100.202602081740/tools/bin/../lib/gcc/arm-none-eabi/14.3.1/thumb/v7e-m+fp/hard/crti.o
 .ARM.attributes
                0x00000022       0x34 D:/STM32CubeIDE_2.1.1/STM32CubeIDE/plugins/com.st.stm32cube.ide.mcu.externaltools.gnu-tools-for-stm32.14.3.rel1.win32_1.0.100.202602081740/tools/bin/../lib/gcc/arm-none-eabi/14.3.1/thumb/v7e-m+fp/hard/crtbegin.o
 .ARM.attributes
                0x00000056       0x34 ./Core/Src/assets.o
 .ARM.attributes
                0x0000008a       0x34 ./Core/Src/game.o
 .ARM.attributes
                0x000000be       0x34 ./Core/Src/main.o
 .ARM.attributes
                0x000000f2       0x34 ./Core/Src/stm32f4xx_hal_msp.o
 .ARM.attributes
                0x00000126       0x34 ./Core/Src/stm32f4xx_it.o
 .ARM.attributes
                0x0000015a       0x34 ./Core/Src/sysmem.o
 .ARM.attributes
                0x0000018e       0x34 ./Core/Src/system_stm32f4xx.o
 .ARM.attributes
                0x000001c2       0x21 ./Core/Startup/startup_stm32f429zitx.o
 .ARM.attributes
                0x000001e3       0x34 ./Drivers/BSP/Components/ili9341/ili9341.o
 .ARM.attributes
                0x00000217       0x34 ./Drivers/BSP/Fonts/font16.o
 .ARM.attributes
                0x0000024b       0x34 ./Drivers/BSP/Fonts/font24.o
 .ARM.attributes
                0x0000027f       0x34 ./Drivers/BSP/STM32F429I-Discovery/stm32f429i_discovery.o
 .ARM.attributes
                0x000002b3       0x34 ./Drivers/BSP/STM32F429I-Discovery/stm32f429i_discovery_lcd.o
 .ARM.attributes
                0x000002e7       0x34 ./Drivers/BSP/STM32F429I-Discovery/stm32f429i_discovery_sdram.o
 .ARM.attributes
                0x0000031b       0x34 ./Drivers/STM32F4xx_HAL_Driver/Src/stm32f4xx_hal.o
 .ARM.attributes
                0x0000034f       0x34 ./Drivers/STM32F4xx_HAL_Driver/Src/stm32f4xx_hal_cortex.o
 .ARM.attributes
                0x00000383       0x34 ./Drivers/STM32F4xx_HAL_Driver/Src/stm32f4xx_hal_dma.o
 .ARM.attributes
                0x000003b7       0x34 ./Drivers/STM32F4xx_HAL_Driver/Src/stm32f4xx_hal_gpio.o
 .ARM.attributes
                0x000003eb       0x34 ./Drivers/STM32F4xx_HAL_Driver/Src/stm32f4xx_hal_ltdc.o
 .ARM.attributes
                0x0000041f       0x34 ./Drivers/STM32F4xx_HAL_Driver/Src/stm32f4xx_hal_pwr_ex.o
 .ARM.attributes
                0x00000453       0x34 ./Drivers/STM32F4xx_HAL_Driver/Src/stm32f4xx_hal_rcc.o
 .ARM.attributes
                0x00000487       0x34 ./Drivers/STM32F4xx_HAL_Driver/Src/stm32f4xx_hal_rcc_ex.o
 .ARM.attributes
                0x000004bb       0x34 ./Drivers/STM32F4xx_HAL_Driver/Src/stm32f4xx_hal_sdram.o
 .ARM.attributes
                0x000004ef       0x34 ./Drivers/STM32F4xx_HAL_Driver/Src/stm32f4xx_hal_spi.o
 .ARM.attributes
                0x00000523       0x34 ./Drivers/STM32F4xx_HAL_Driver/Src/stm32f4xx_hal_tim.o
 .ARM.attributes
                0x00000557       0x34 ./Drivers/STM32F4xx_HAL_Driver/Src/stm32f4xx_hal_tim_ex.o
 .ARM.attributes
                0x0000058b       0x34 ./Drivers/STM32F4xx_HAL_Driver/Src/stm32f4xx_ll_fmc.o
 .ARM.attributes
                0x000005bf       0x34 D:/STM32CubeIDE_2.1.1/STM32CubeIDE/plugins/com.st.stm32cube.ide.mcu.externaltools.gnu-tools-for-stm32.14.3.rel1.win32_1.0.100.202602081740/tools/bin/../lib/gcc/arm-none-eabi/14.3.1/../../../../arm-none-eabi/lib/thumb/v7e-m+fp/hard\libc_nano.a(libc_a-findfp.o)
 .ARM.attributes
                0x000005f3       0x34 D:/STM32CubeIDE_2.1.1/STM32CubeIDE/plugins/com.st.stm32cube.ide.mcu.externaltools.gnu-tools-for-stm32.14.3.rel1.win32_1.0.100.202602081740/tools/bin/../lib/gcc/arm-none-eabi/14.3.1/../../../../arm-none-eabi/lib/thumb/v7e-m+fp/hard\libc_nano.a(libc_a-snprintf.o)
 .ARM.attributes
                0x00000627       0x34 D:/STM32CubeIDE_2.1.1/STM32CubeIDE/plugins/com.st.stm32cube.ide.mcu.externaltools.gnu-tools-for-stm32.14.3.rel1.win32_1.0.100.202602081740/tools/bin/../lib/gcc/arm-none-eabi/14.3.1/../../../../arm-none-eabi/lib/thumb/v7e-m+fp/hard\libc_nano.a(libc_a-memset.o)
 .ARM.attributes
                0x0000065b       0x34 D:/STM32CubeIDE_2.1.1/STM32CubeIDE/plugins/com.st.stm32cube.ide.mcu.externaltools.gnu-tools-for-stm32.14.3.rel1.win32_1.0.100.202602081740/tools/bin/../lib/gcc/arm-none-eabi/14.3.1/../../../../arm-none-eabi/lib/thumb/v7e-m+fp/hard\libc_nano.a(libc_a-reent.o)
 .ARM.attributes
                0x0000068f       0x34 D:/STM32CubeIDE_2.1.1/STM32CubeIDE/plugins/com.st.stm32cube.ide.mcu.externaltools.gnu-tools-for-stm32.14.3.rel1.win32_1.0.100.202602081740/tools/bin/../lib/gcc/arm-none-eabi/14.3.1/../../../../arm-none-eabi/lib/thumb/v7e-m+fp/hard\libc_nano.a(libc_a-impure.o)
 .ARM.attributes
                0x000006c3       0x34 D:/STM32CubeIDE_2.1.1/STM32CubeIDE/plugins/com.st.stm32cube.ide.mcu.externaltools.gnu-tools-for-stm32.14.3.rel1.win32_1.0.100.202602081740/tools/bin/../lib/gcc/arm-none-eabi/14.3.1/../../../../arm-none-eabi/lib/thumb/v7e-m+fp/hard\libc_nano.a(libc_a-errno.o)
 .ARM.attributes
                0x000006f7       0x34 D:/STM32CubeIDE_2.1.1/STM32CubeIDE/plugins/com.st.stm32cube.ide.mcu.externaltools.gnu-tools-for-stm32.14.3.rel1.win32_1.0.100.202602081740/tools/bin/../lib/gcc/arm-none-eabi/14.3.1/../../../../arm-none-eabi/lib/thumb/v7e-m+fp/hard\libc_nano.a(libc_a-init.o)
 .ARM.attributes
                0x0000072b       0x34 D:/STM32CubeIDE_2.1.1/STM32CubeIDE/plugins/com.st.stm32cube.ide.mcu.externaltools.gnu-tools-for-stm32.14.3.rel1.win32_1.0.100.202602081740/tools/bin/../lib/gcc/arm-none-eabi/14.3.1/../../../../arm-none-eabi/lib/thumb/v7e-m+fp/hard\libc_nano.a(libc_a-lock.o)
 .ARM.attributes
                0x0000075f       0x17 D:/STM32CubeIDE_2.1.1/STM32CubeIDE/plugins/com.st.stm32cube.ide.mcu.externaltools.gnu-tools-for-stm32.14.3.rel1.win32_1.0.100.202602081740/tools/bin/../lib/gcc/arm-none-eabi/14.3.1/../../../../arm-none-eabi/lib/thumb/v7e-m+fp/hard\libc_nano.a(libc_a-strlen.o)
 .ARM.attributes
                0x00000776       0x34 D:/STM32CubeIDE_2.1.1/STM32CubeIDE/plugins/com.st.stm32cube.ide.mcu.externaltools.gnu-tools-for-stm32.14.3.rel1.win32_1.0.100.202602081740/tools/bin/../lib/gcc/arm-none-eabi/14.3.1/../../../../arm-none-eabi/lib/thumb/v7e-m+fp/hard\libc_nano.a(libc_a-freer.o)
 .ARM.attributes
                0x000007aa       0x34 D:/STM32CubeIDE_2.1.1/STM32CubeIDE/plugins/com.st.stm32cube.ide.mcu.externaltools.gnu-tools-for-stm32.14.3.rel1.win32_1.0.100.202602081740/tools/bin/../lib/gcc/arm-none-eabi/14.3.1/../../../../arm-none-eabi/lib/thumb/v7e-m+fp/hard\libc_nano.a(libc_a-mallocr.o)
 .ARM.attributes
                0x000007de       0x34 D:/STM32CubeIDE_2.1.1/STM32CubeIDE/plugins/com.st.stm32cube.ide.mcu.externaltools.gnu-tools-for-stm32.14.3.rel1.win32_1.0.100.202602081740/tools/bin/../lib/gcc/arm-none-eabi/14.3.1/../../../../arm-none-eabi/lib/thumb/v7e-m+fp/hard\libc_nano.a(libc_a-mlock.o)
 .ARM.attributes
                0x00000812       0x34 D:/STM32CubeIDE_2.1.1/STM32CubeIDE/plugins/com.st.stm32cube.ide.mcu.externaltools.gnu-tools-for-stm32.14.3.rel1.win32_1.0.100.202602081740/tools/bin/../lib/gcc/arm-none-eabi/14.3.1/../../../../arm-none-eabi/lib/thumb/v7e-m+fp/hard\libc_nano.a(libc_a-nano-svfprintf.o)
 .ARM.attributes
                0x00000846       0x34 D:/STM32CubeIDE_2.1.1/STM32CubeIDE/plugins/com.st.stm32cube.ide.mcu.externaltools.gnu-tools-for-stm32.14.3.rel1.win32_1.0.100.202602081740/tools/bin/../lib/gcc/arm-none-eabi/14.3.1/../../../../arm-none-eabi/lib/thumb/v7e-m+fp/hard\libc_nano.a(libc_a-nano-vfprintf_i.o)
 .ARM.attributes
                0x0000087a       0x34 D:/STM32CubeIDE_2.1.1/STM32CubeIDE/plugins/com.st.stm32cube.ide.mcu.externaltools.gnu-tools-for-stm32.14.3.rel1.win32_1.0.100.202602081740/tools/bin/../lib/gcc/arm-none-eabi/14.3.1/../../../../arm-none-eabi/lib/thumb/v7e-m+fp/hard\libc_nano.a(libc_a-memmove.o)
 .ARM.attributes
                0x000008ae       0x34 D:/STM32CubeIDE_2.1.1/STM32CubeIDE/plugins/com.st.stm32cube.ide.mcu.externaltools.gnu-tools-for-stm32.14.3.rel1.win32_1.0.100.202602081740/tools/bin/../lib/gcc/arm-none-eabi/14.3.1/../../../../arm-none-eabi/lib/thumb/v7e-m+fp/hard\libc_nano.a(libc_a-sbrkr.o)
 .ARM.attributes
                0x000008e2       0x1c D:/STM32CubeIDE_2.1.1/STM32CubeIDE/plugins/com.st.stm32cube.ide.mcu.externaltools.gnu-tools-for-stm32.14.3.rel1.win32_1.0.100.202602081740/tools/bin/../lib/gcc/arm-none-eabi/14.3.1/../../../../arm-none-eabi/lib/thumb/v7e-m+fp/hard\libc_nano.a(libc_a-memchr.o)
 .ARM.attributes
                0x000008fe       0x34 D:/STM32CubeIDE_2.1.1/STM32CubeIDE/plugins/com.st.stm32cube.ide.mcu.externaltools.gnu-tools-for-stm32.14.3.rel1.win32_1.0.100.202602081740/tools/bin/../lib/gcc/arm-none-eabi/14.3.1/../../../../arm-none-eabi/lib/thumb/v7e-m+fp/hard\libc_nano.a(libc_a-memcpy-stub.o)
 .ARM.attributes
                0x00000932       0x34 D:/STM32CubeIDE_2.1.1/STM32CubeIDE/plugins/com.st.stm32cube.ide.mcu.externaltools.gnu-tools-for-stm32.14.3.rel1.win32_1.0.100.202602081740/tools/bin/../lib/gcc/arm-none-eabi/14.3.1/../../../../arm-none-eabi/lib/thumb/v7e-m+fp/hard\libc_nano.a(libc_a-reallocr.o)
 .ARM.attributes
                0x00000966       0x34 D:/STM32CubeIDE_2.1.1/STM32CubeIDE/plugins/com.st.stm32cube.ide.mcu.externaltools.gnu-tools-for-stm32.14.3.rel1.win32_1.0.100.202602081740/tools/bin/../lib/gcc/arm-none-eabi/14.3.1/../../../../arm-none-eabi/lib/thumb/v7e-m+fp/hard\libc_nano.a(libc_a-msizer.o)
 .ARM.attributes
                0x0000099a       0x22 D:/STM32CubeIDE_2.1.1/STM32CubeIDE/plugins/com.st.stm32cube.ide.mcu.externaltools.gnu-tools-for-stm32.14.3.rel1.win32_1.0.100.202602081740/tools/bin/../lib/gcc/arm-none-eabi/14.3.1/thumb/v7e-m+fp/hard\libgcc.a(_aeabi_uldivmod.o)
 .ARM.attributes
                0x000009bc       0x34 D:/STM32CubeIDE_2.1.1/STM32CubeIDE/plugins/com.st.stm32cube.ide.mcu.externaltools.gnu-tools-for-stm32.14.3.rel1.win32_1.0.100.202602081740/tools/bin/../lib/gcc/arm-none-eabi/14.3.1/thumb/v7e-m+fp/hard\libgcc.a(_udivmoddi4.o)
 .ARM.attributes
                0x000009f0       0x22 D:/STM32CubeIDE_2.1.1/STM32CubeIDE/plugins/com.st.stm32cube.ide.mcu.externaltools.gnu-tools-for-stm32.14.3.rel1.win32_1.0.100.202602081740/tools/bin/../lib/gcc/arm-none-eabi/14.3.1/thumb/v7e-m+fp/hard\libgcc.a(_dvmd_tls.o)
 .ARM.attributes
                0x00000a12       0x22 D:/STM32CubeIDE_2.1.1/STM32CubeIDE/plugins/com.st.stm32cube.ide.mcu.externaltools.gnu-tools-for-stm32.14.3.rel1.win32_1.0.100.202602081740/tools/bin/../lib/gcc/arm-none-eabi/14.3.1/thumb/v7e-m+fp/hard/crtn.o
OUTPUT(Project_He_Nhung.elf elf32-littlearm)
LOAD linker stubs
LOAD D:/STM32CubeIDE_2.1.1/STM32CubeIDE/plugins/com.st.stm32cube.ide.mcu.externaltools.gnu-tools-for-stm32.14.3.rel1.win32_1.0.100.202602081740/tools/bin/../lib/gcc/arm-none-eabi/14.3.1/../../../../arm-none-eabi/lib/thumb/v7e-m+fp/hard\libc.a
LOAD D:/STM32CubeIDE_2.1.1/STM32CubeIDE/plugins/com.st.stm32cube.ide.mcu.externaltools.gnu-tools-for-stm32.14.3.rel1.win32_1.0.100.202602081740/tools/bin/../lib/gcc/arm-none-eabi/14.3.1/../../../../arm-none-eabi/lib/thumb/v7e-m+fp/hard\libm.a
LOAD D:/STM32CubeIDE_2.1.1/STM32CubeIDE/plugins/com.st.stm32cube.ide.mcu.externaltools.gnu-tools-for-stm32.14.3.rel1.win32_1.0.100.202602081740/tools/bin/../lib/gcc/arm-none-eabi/14.3.1/thumb/v7e-m+fp/hard\libgcc.a

.debug_info     0x00000000    0x14345
 .debug_info    0x00000000      0x3a2 ./Core/Src/assets.o
 .debug_info    0x000003a2     0x19bd ./Core/Src/game.o
 .debug_info    0x00001d5f      0x50b ./Core/Src/main.o
 .debug_info    0x0000226a      0x281 ./Core/Src/stm32f4xx_hal_msp.o
 .debug_info    0x000024eb      0x6e1 ./Core/Src/stm32f4xx_it.o
 .debug_info    0x00002bcc      0x168 ./Core/Src/sysmem.o
 .debug_info    0x00002d34      0x52e ./Core/Src/system_stm32f4xx.o
 .debug_info    0x00003262       0x30 ./Core/Startup/startup_stm32f429zitx.o
 .debug_info    0x00003292      0x384 ./Drivers/BSP/Components/ili9341/ili9341.o
 .debug_info    0x00003616      0x125 ./Drivers/BSP/Fonts/font16.o
 .debug_info    0x0000373b      0x125 ./Drivers/BSP/Fonts/font24.o
 .debug_info    0x00003860     0x199a ./Drivers/BSP/STM32F429I-Discovery/stm32f429i_discovery.o
 .debug_info    0x000051fa     0x2346 ./Drivers/BSP/STM32F429I-Discovery/stm32f429i_discovery_lcd.o
 .debug_info    0x00007540     0x1010 ./Drivers/BSP/STM32F429I-Discovery/stm32f429i_discovery_sdram.o
 .debug_info    0x00008550      0x9ba ./Drivers/STM32F4xx_HAL_Driver/Src/stm32f4xx_hal.o
 .debug_info    0x00008f0a      0xdc2 ./Drivers/STM32F4xx_HAL_Driver/Src/stm32f4xx_hal_cortex.o
 .debug_info    0x00009ccc      0x8e7 ./Drivers/STM32F4xx_HAL_Driver/Src/stm32f4xx_hal_dma.o
 .debug_info    0x0000a5b3      0x6db ./Drivers/STM32F4xx_HAL_Driver/Src/stm32f4xx_hal_gpio.o
 .debug_info    0x0000ac8e     0x1031 ./Drivers/STM32F4xx_HAL_Driver/Src/stm32f4xx_hal_ltdc.o
 .debug_info    0x0000bcbf      0x6be ./Drivers/STM32F4xx_HAL_Driver/Src/stm32f4xx_hal_pwr_ex.o
 .debug_info    0x0000c37d      0x8db ./Drivers/STM32F4xx_HAL_Driver/Src/stm32f4xx_hal_rcc.o
 .debug_info    0x0000cc58      0x64c ./Drivers/STM32F4xx_HAL_Driver/Src/stm32f4xx_hal_rcc_ex.o
 .debug_info    0x0000d2a4      0xed7 ./Drivers/STM32F4xx_HAL_Driver/Src/stm32f4xx_hal_sdram.o
 .debug_info    0x0000e17b     0x1525 ./Drivers/STM32F4xx_HAL_Driver/Src/stm32f4xx_hal_spi.o
 .debug_info    0x0000f6a0     0x299d ./Drivers/STM32F4xx_HAL_Driver/Src/stm32f4xx_hal_tim.o
 .debug_info    0x0001203d     0x14db ./Drivers/STM32F4xx_HAL_Driver/Src/stm32f4xx_hal_tim_ex.o
 .debug_info    0x00013518      0xe2d ./Drivers/STM32F4xx_HAL_Driver/Src/stm32f4xx_ll_fmc.o

.debug_abbrev   0x00000000     0x3374
 .debug_abbrev  0x00000000       0x9f ./Core/Src/assets.o
 .debug_abbrev  0x0000009f      0x3b7 ./Core/Src/game.o
 .debug_abbrev  0x00000456      0x1f9 ./Core/Src/main.o
 .debug_abbrev  0x0000064f       0xd8 ./Core/Src/stm32f4xx_hal_msp.o
 .debug_abbrev  0x00000727      0x192 ./Core/Src/stm32f4xx_it.o
 .debug_abbrev  0x000008b9       0xbc ./Core/Src/sysmem.o
 .debug_abbrev  0x00000975      0x11a ./Core/Src/system_stm32f4xx.o
 .debug_abbrev  0x00000a8f       0x24 ./Core/Startup/startup_stm32f429zitx.o
 .debug_abbrev  0x00000ab3      0x194 ./Drivers/BSP/Components/ili9341/ili9341.o
 .debug_abbrev  0x00000c47       0xb1 ./Drivers/BSP/Fonts/font16.o
 .debug_abbrev  0x00000cf8       0xb1 ./Drivers/BSP/Fonts/font24.o
 .debug_abbrev  0x00000da9      0x2fc ./Drivers/BSP/STM32F429I-Discovery/stm32f429i_discovery.o
 .debug_abbrev  0x000010a5      0x328 ./Drivers/BSP/STM32F429I-Discovery/stm32f429i_discovery_lcd.o
 .debug_abbrev  0x000013cd      0x286 ./Drivers/BSP/STM32F429I-Discovery/stm32f429i_discovery_sdram.o
 .debug_abbrev  0x00001653      0x214 ./Drivers/STM32F4xx_HAL_Driver/Src/stm32f4xx_hal.o
 .debug_abbrev  0x00001867      0x31d ./Drivers/STM32F4xx_HAL_Driver/Src/stm32f4xx_hal_cortex.o
 .debug_abbrev  0x00001b84      0x264 ./Drivers/STM32F4xx_HAL_Driver/Src/stm32f4xx_hal_dma.o
 .debug_abbrev  0x00001de8      0x1d4 ./Drivers/STM32F4xx_HAL_Driver/Src/stm32f4xx_hal_gpio.o
 .debug_abbrev  0x00001fbc      0x23a ./Drivers/STM32F4xx_HAL_Driver/Src/stm32f4xx_hal_ltdc.o
 .debug_abbrev  0x000021f6      0x1cf ./Drivers/STM32F4xx_HAL_Driver/Src/stm32f4xx_hal_pwr_ex.o
 .debug_abbrev  0x000023c5      0x2b7 ./Drivers/STM32F4xx_HAL_Driver/Src/stm32f4xx_hal_rcc.o
 .debug_abbrev  0x0000267c      0x1b0 ./Drivers/STM32F4xx_HAL_Driver/Src/stm32f4xx_hal_rcc_ex.o
 .debug_abbrev  0x0000282c      0x227 ./Drivers/STM32F4xx_HAL_Driver/Src/stm32f4xx_hal_sdram.o
 .debug_abbrev  0x00002a53      0x27a ./Drivers/STM32F4xx_HAL_Driver/Src/stm32f4xx_hal_spi.o
 .debug_abbrev  0x00002ccd      0x278 ./Drivers/STM32F4xx_HAL_Driver/Src/stm32f4xx_hal_tim.o
 .debug_abbrev  0x00002f45      0x283 ./Drivers/STM32F4xx_HAL_Driver/Src/stm32f4xx_hal_tim_ex.o
 .debug_abbrev  0x000031c8      0x1ac ./Drivers/STM32F4xx_HAL_Driver/Src/stm32f4xx_ll_fmc.o

.debug_aranges  0x00000000     0x1470
 .debug_aranges
                0x00000000       0x18 ./Core/Src/assets.o
 .debug_aranges
                0x00000018       0xc0 ./Core/Src/game.o
 .debug_aranges
                0x000000d8       0x38 ./Core/Src/main.o
 .debug_aranges
                0x00000110       0x20 ./Core/Src/stm32f4xx_hal_msp.o
 .debug_aranges
                0x00000130       0x68 ./Core/Src/stm32f4xx_it.o
 .debug_aranges
                0x00000198       0x20 ./Core/Src/sysmem.o
 .debug_aranges
                0x000001b8       0x28 ./Core/Src/system_stm32f4xx.o
 .debug_aranges
                0x000001e0       0x28 ./Core/Startup/startup_stm32f429zitx.o
 .debug_aranges
                0x00000208       0x60 ./Drivers/BSP/Components/ili9341/ili9341.o
 .debug_aranges
                0x00000268       0x18 ./Drivers/BSP/Fonts/font16.o
 .debug_aranges
                0x00000280       0x18 ./Drivers/BSP/Fonts/font24.o
 .debug_aranges
                0x00000298      0x138 ./Drivers/BSP/STM32F429I-Discovery/stm32f429i_discovery.o
 .debug_aranges
                0x000003d0      0x1a8 ./Drivers/BSP/STM32F429I-Discovery/stm32f429i_discovery_lcd.o
 .debug_aranges
                0x00000578       0x68 ./Drivers/BSP/STM32F429I-Discovery/stm32f429i_discovery_sdram.o
 .debug_aranges
                0x000005e0      0x100 ./Drivers/STM32F4xx_HAL_Driver/Src/stm32f4xx_hal.o
 .debug_aranges
                0x000006e0      0x130 ./Drivers/STM32F4xx_HAL_Driver/Src/stm32f4xx_hal_cortex.o
 .debug_aranges
                0x00000810       0x90 ./Drivers/STM32F4xx_HAL_Driver/Src/stm32f4xx_hal_dma.o
 .debug_aranges
                0x000008a0       0x58 ./Drivers/STM32F4xx_HAL_Driver/Src/stm32f4xx_hal_gpio.o
 .debug_aranges
                0x000008f8      0x158 ./Drivers/STM32F4xx_HAL_Driver/Src/stm32f4xx_hal_ltdc.o
 .debug_aranges
                0x00000a50       0x60 ./Drivers/STM32F4xx_HAL_Driver/Src/stm32f4xx_hal_pwr_ex.o
 .debug_aranges
                0x00000ab0       0x88 ./Drivers/STM32F4xx_HAL_Driver/Src/stm32f4xx_hal_rcc.o
 .debug_aranges
                0x00000b38       0x58 ./Drivers/STM32F4xx_HAL_Driver/Src/stm32f4xx_hal_rcc_ex.o
 .debug_aranges
                0x00000b90       0xe8 ./Drivers/STM32F4xx_HAL_Driver/Src/stm32f4xx_hal_sdram.o
 .debug_aranges
                0x00000c78      0x1d0 ./Drivers/STM32F4xx_HAL_Driver/Src/stm32f4xx_hal_spi.o
 .debug_aranges
                0x00000e48      0x3d0 ./Drivers/STM32F4xx_HAL_Driver/Src/stm32f4xx_hal_tim.o
 .debug_aranges
                0x00001218      0x168 ./Drivers/STM32F4xx_HAL_Driver/Src/stm32f4xx_hal_tim_ex.o
 .debug_aranges
                0x00001380       0xf0 ./Drivers/STM32F4xx_HAL_Driver/Src/stm32f4xx_ll_fmc.o

.debug_macro    0x00000000    0x266b3
 .debug_macro   0x00000000       0x72 ./Core/Src/assets.o
 .debug_macro   0x00000072      0xad8 ./Core/Src/assets.o
 .debug_macro   0x00000b4a       0x22 ./Core/Src/assets.o
 .debug_macro   0x00000b6c       0x8e ./Core/Src/assets.o
 .debug_macro   0x00000bfa       0x51 ./Core/Src/assets.o
 .debug_macro   0x00000c4b      0x103 ./Core/Src/assets.o
 .debug_macro   0x00000d4e       0x6a ./Core/Src/assets.o
 .debug_macro   0x00000db8      0x1df ./Core/Src/assets.o
 .debug_macro   0x00000f97       0xa6 ./Core/Src/assets.o
 .debug_macro   0x0000103d      0x406 ./Core/Src/game.o
 .debug_macro   0x00001443      0x2b3 ./Core/Src/game.o
 .debug_macro   0x000016f6       0x2e ./Core/Src/game.o
 .debug_macro   0x00001724       0x28 ./Core/Src/game.o
 .debug_macro   0x0000174c       0x1c ./Core/Src/game.o
 .debug_macro   0x00001768       0x22 ./Core/Src/game.o
 .debug_macro   0x0000178a       0xfb ./Core/Src/game.o
 .debug_macro   0x00001885     0x1011 ./Core/Src/game.o
 .debug_macro   0x00002896      0x11f ./Core/Src/game.o
 .debug_macro   0x000029b5    0x17ff1 ./Core/Src/game.o
 .debug_macro   0x0001a9a6       0x6d ./Core/Src/game.o
 .debug_macro   0x0001aa13     0x370a ./Core/Src/game.o
 .debug_macro   0x0001e11d      0x190 ./Core/Src/game.o
 .debug_macro   0x0001e2ad       0x5c ./Core/Src/game.o
 .debug_macro   0x0001e309      0xcba ./Core/Src/game.o
 .debug_macro   0x0001efc3      0x9e9 ./Core/Src/game.o
 .debug_macro   0x0001f9ac      0x115 ./Core/Src/game.o
 .debug_macro   0x0001fac1      0x156 ./Core/Src/game.o
 .debug_macro   0x0001fc17       0xa5 ./Core/Src/game.o
 .debug_macro   0x0001fcbc      0x182 ./Core/Src/game.o
 .debug_macro   0x0001fe3e      0x287 ./Core/Src/game.o
 .debug_macro   0x000200c5       0x5f ./Core/Src/game.o
 .debug_macro   0x00020124      0x236 ./Core/Src/game.o
 .debug_macro   0x0002035a      0x208 ./Core/Src/game.o
 .debug_macro   0x00020562      0x132 ./Core/Src/game.o
 .debug_macro   0x00020694      0x41d ./Core/Src/game.o
 .debug_macro   0x00020ab1       0x2e ./Core/Src/game.o
 .debug_macro   0x00020adf      0x556 ./Core/Src/game.o
 .debug_macro   0x00021035      0x1b5 ./Core/Src/game.o
 .debug_macro   0x000211ea       0x22 ./Core/Src/game.o
 .debug_macro   0x0002120c       0xd6 ./Core/Src/game.o
 .debug_macro   0x000212e2      0x198 ./Core/Src/game.o
 .debug_macro   0x0002147a       0xd6 ./Core/Src/game.o
 .debug_macro   0x00021550      0x127 ./Core/Src/game.o
 .debug_macro   0x00021677       0xe2 ./Core/Src/game.o
 .debug_macro   0x00021759       0x89 ./Core/Src/game.o
 .debug_macro   0x000217e2      0x225 ./Core/Src/game.o
 .debug_macro   0x00021a07      0x8ed ./Core/Src/game.o
 .debug_macro   0x000222f4       0x4d ./Core/Src/game.o
 .debug_macro   0x00022341      0x134 ./Core/Src/game.o
 .debug_macro   0x00022475      0x258 ./Core/Src/game.o
 .debug_macro   0x000226cd       0xa6 ./Core/Src/game.o
 .debug_macro   0x00022773       0x10 ./Core/Src/game.o
 .debug_macro   0x00022783      0x25c ./Core/Src/game.o
 .debug_macro   0x000229df      0x113 ./Core/Src/game.o
 .debug_macro   0x00022af2       0x61 ./Core/Src/game.o
 .debug_macro   0x00022b53       0x2a ./Core/Src/game.o
 .debug_macro   0x00022b7d       0x43 ./Core/Src/game.o
 .debug_macro   0x00022bc0       0x34 ./Core/Src/game.o
 .debug_macro   0x00022bf4       0x16 ./Core/Src/game.o
 .debug_macro   0x00022c0a       0x3c ./Core/Src/game.o
 .debug_macro   0x00022c46      0x364 ./Core/Src/game.o
 .debug_macro   0x00022faa       0x10 ./Core/Src/game.o
 .debug_macro   0x00022fba       0x16 ./Core/Src/game.o
 .debug_macro   0x00022fd0       0x4a ./Core/Src/game.o
 .debug_macro   0x0002301a       0x34 ./Core/Src/game.o
 .debug_macro   0x0002304e       0x10 ./Core/Src/game.o
 .debug_macro   0x0002305e       0x58 ./Core/Src/game.o
 .debug_macro   0x000230b6       0x8e ./Core/Src/game.o
 .debug_macro   0x00023144       0x1c ./Core/Src/game.o
 .debug_macro   0x00023160      0x17e ./Core/Src/game.o
 .debug_macro   0x000232de       0x16 ./Core/Src/game.o
 .debug_macro   0x000232f4       0x16 ./Core/Src/game.o
 .debug_macro   0x0002330a      0x146 ./Core/Src/game.o
 .debug_macro   0x00023450       0x16 ./Core/Src/game.o
 .debug_macro   0x00023466       0x20 ./Core/Src/game.o
 .debug_macro   0x00023486      0x23a ./Core/Src/main.o
 .debug_macro   0x000236c0      0x230 ./Core/Src/stm32f4xx_hal_msp.o
 .debug_macro   0x000238f0      0x23a ./Core/Src/stm32f4xx_it.o
 .debug_macro   0x00023b2a      0x116 ./Core/Src/sysmem.o
 .debug_macro   0x00023c40      0x23c ./Core/Src/sysmem.o
 .debug_macro   0x00023e7c      0x226 ./Core/Src/system_stm32f4xx.o
 .debug_macro   0x000240a2       0x7c ./Drivers/BSP/Components/ili9341/ili9341.o
 .debug_macro   0x0002411e       0x73 ./Drivers/BSP/Fonts/font16.o
 .debug_macro   0x00024191       0x73 ./Drivers/BSP/Fonts/font24.o
 .debug_macro   0x00024204      0x253 ./Drivers/BSP/STM32F429I-Discovery/stm32f429i_discovery.o
 .debug_macro   0x00024457      0x281 ./Drivers/BSP/STM32F429I-Discovery/stm32f429i_discovery_lcd.o
 .debug_macro   0x000246d8      0x244 ./Drivers/BSP/STM32F429I-Discovery/stm32f429i_discovery_sdram.o
 .debug_macro   0x0002491c       0xa0 ./Drivers/BSP/STM32F429I-Discovery/stm32f429i_discovery_sdram.o
 .debug_macro   0x000249bc      0x286 ./Drivers/STM32F4xx_HAL_Driver/Src/stm32f4xx_hal.o
 .debug_macro   0x00024c42      0x226 ./Drivers/STM32F4xx_HAL_Driver/Src/stm32f4xx_hal_cortex.o
 .debug_macro   0x00024e68      0x22c ./Drivers/STM32F4xx_HAL_Driver/Src/stm32f4xx_hal_dma.o
 .debug_macro   0x00025094      0x22c ./Drivers/STM32F4xx_HAL_Driver/Src/stm32f4xx_hal_gpio.o
 .debug_macro   0x000252c0      0x22e ./Drivers/STM32F4xx_HAL_Driver/Src/stm32f4xx_hal_ltdc.o
 .debug_macro   0x000254ee      0x23e ./Drivers/STM32F4xx_HAL_Driver/Src/stm32f4xx_hal_pwr_ex.o
 .debug_macro   0x0002572c      0x24a ./Drivers/STM32F4xx_HAL_Driver/Src/stm32f4xx_hal_rcc.o
 .debug_macro   0x00025976      0x226 ./Drivers/STM32F4xx_HAL_Driver/Src/stm32f4xx_hal_rcc_ex.o
 .debug_macro   0x00025b9c      0x226 ./Drivers/STM32F4xx_HAL_Driver/Src/stm32f4xx_hal_sdram.o
 .debug_macro   0x00025dc2      0x235 ./Drivers/STM32F4xx_HAL_Driver/Src/stm32f4xx_hal_spi.o
 .debug_macro   0x00025ff7      0x227 ./Drivers/STM32F4xx_HAL_Driver/Src/stm32f4xx_hal_tim.o
 .debug_macro   0x0002621e      0x226 ./Drivers/STM32F4xx_HAL_Driver/Src/stm32f4xx_hal_tim_ex.o
 .debug_macro   0x00026444      0x26f ./Drivers/STM32F4xx_HAL_Driver/Src/stm32f4xx_ll_fmc.o

.debug_line     0x00000000    0x17551
 .debug_line    0x00000000      0x404 ./Core/Src/assets.o
 .debug_line    0x00000404     0x132c ./Core/Src/game.o
 .debug_line    0x00001730      0x892 ./Core/Src/main.o
 .debug_line    0x00001fc2      0x7e9 ./Core/Src/stm32f4xx_hal_msp.o
 .debug_line    0x000027ab      0x8b0 ./Core/Src/stm32f4xx_it.o
 .debug_line    0x0000305b      0x57e ./Core/Src/sysmem.o
 .debug_line    0x000035d9      0x85f ./Core/Src/system_stm32f4xx.o
 .debug_line    0x00003e38       0x7a ./Core/Startup/startup_stm32f429zitx.o
 .debug_line    0x00003eb2      0x593 ./Drivers/BSP/Components/ili9341/ili9341.o
 .debug_line    0x00004445      0x400 ./Drivers/BSP/Fonts/font16.o
 .debug_line    0x00004845      0x400 ./Drivers/BSP/Fonts/font24.o
 .debug_line    0x00004c45      0xd33 ./Drivers/BSP/STM32F429I-Discovery/stm32f429i_discovery.o
 .debug_line    0x00005978     0x1772 ./Drivers/BSP/STM32F429I-Discovery/stm32f429i_discovery_lcd.o
 .debug_line    0x000070ea      0x9fc ./Drivers/BSP/STM32F429I-Discovery/stm32f429i_discovery_sdram.o
 .debug_line    0x00007ae6      0xb14 ./Drivers/STM32F4xx_HAL_Driver/Src/stm32f4xx_hal.o
 .debug_line    0x000085fa      0xdab ./Drivers/STM32F4xx_HAL_Driver/Src/stm32f4xx_hal_cortex.o
 .debug_line    0x000093a5     0x1047 ./Drivers/STM32F4xx_HAL_Driver/Src/stm32f4xx_hal_dma.o
 .debug_line    0x0000a3ec      0xc58 ./Drivers/STM32F4xx_HAL_Driver/Src/stm32f4xx_hal_gpio.o
 .debug_line    0x0000b044     0x13eb ./Drivers/STM32F4xx_HAL_Driver/Src/stm32f4xx_hal_ltdc.o
 .debug_line    0x0000c42f      0xa48 ./Drivers/STM32F4xx_HAL_Driver/Src/stm32f4xx_hal_pwr_ex.o
 .debug_line    0x0000ce77      0xeea ./Drivers/STM32F4xx_HAL_Driver/Src/stm32f4xx_hal_rcc.o
 .debug_line    0x0000dd61      0xd33 ./Drivers/STM32F4xx_HAL_Driver/Src/stm32f4xx_hal_rcc_ex.o
 .debug_line    0x0000ea94      0xde6 ./Drivers/STM32F4xx_HAL_Driver/Src/stm32f4xx_hal_sdram.o
 .debug_line    0x0000f87a     0x1d76 ./Drivers/STM32F4xx_HAL_Driver/Src/stm32f4xx_hal_spi.o
 .debug_line    0x000115f0     0x3856 ./Drivers/STM32F4xx_HAL_Driver/Src/stm32f4xx_hal_tim.o
 .debug_line    0x00014e46     0x1a3b ./Drivers/STM32F4xx_HAL_Driver/Src/stm32f4xx_hal_tim_ex.o
 .debug_line    0x00016881      0xcd0 ./Drivers/STM32F4xx_HAL_Driver/Src/stm32f4xx_ll_fmc.o

.debug_str      0x00000000    0xe6678
 .debug_str     0x00000000    0xe6678 ./Core/Src/assets.o
                               0x40b2 (size before relaxing)
 .debug_str     0x000e6678    0xe097a ./Core/Src/game.o
 .debug_str     0x000e6678    0xd9e67 ./Core/Src/main.o
 .debug_str     0x000e6678    0xd9c76 ./Core/Src/stm32f4xx_hal_msp.o
 .debug_str     0x000e6678    0xda147 ./Core/Src/stm32f4xx_it.o
 .debug_str     0x000e6678     0x76ff ./Core/Src/sysmem.o
 .debug_str     0x000e6678    0xd9d26 ./Core/Src/system_stm32f4xx.o
 .debug_str     0x000e6678       0x77 ./Core/Startup/startup_stm32f429zitx.o
 .debug_str     0x000e6678     0x4663 ./Drivers/BSP/Components/ili9341/ili9341.o
 .debug_str     0x000e6678     0x3e2b ./Drivers/BSP/Fonts/font16.o
 .debug_str     0x000e6678     0x3e2b ./Drivers/BSP/Fonts/font24.o
 .debug_str     0x000e6678    0xdbf44 ./Drivers/BSP/STM32F429I-Discovery/stm32f429i_discovery.o
 .debug_str     0x000e6678    0xdcf0f ./Drivers/BSP/STM32F429I-Discovery/stm32f429i_discovery_lcd.o
 .debug_str     0x000e6678    0xdbe46 ./Drivers/BSP/STM32F429I-Discovery/stm32f429i_discovery_sdram.o
 .debug_str     0x000e6678    0xda949 ./Drivers/STM32F4xx_HAL_Driver/Src/stm32f4xx_hal.o
 .debug_str     0x000e6678    0xda677 ./Drivers/STM32F4xx_HAL_Driver/Src/stm32f4xx_hal_cortex.o
 .debug_str     0x000e6678    0xda12d ./Drivers/STM32F4xx_HAL_Driver/Src/stm32f4xx_hal_dma.o
 .debug_str     0x000e6678    0xd9ea1 ./Drivers/STM32F4xx_HAL_Driver/Src/stm32f4xx_hal_gpio.o
 .debug_str     0x000e6678    0xda38a ./Drivers/STM32F4xx_HAL_Driver/Src/stm32f4xx_hal_ltdc.o
 .debug_str     0x000e6678    0xd9efe ./Drivers/STM32F4xx_HAL_Driver/Src/stm32f4xx_hal_pwr_ex.o
 .debug_str     0x000e6678    0xda15a ./Drivers/STM32F4xx_HAL_Driver/Src/stm32f4xx_hal_rcc.o
 .debug_str     0x000e6678    0xd9f21 ./Drivers/STM32F4xx_HAL_Driver/Src/stm32f4xx_hal_rcc_ex.o
 .debug_str     0x000e6678    0xda446 ./Drivers/STM32F4xx_HAL_Driver/Src/stm32f4xx_hal_sdram.o
 .debug_str     0x000e6678    0xda5d1 ./Drivers/STM32F4xx_HAL_Driver/Src/stm32f4xx_hal_spi.o
 .debug_str     0x000e6678    0xdb09d ./Drivers/STM32F4xx_HAL_Driver/Src/stm32f4xx_hal_tim.o
 .debug_str     0x000e6678    0xda8a9 ./Drivers/STM32F4xx_HAL_Driver/Src/stm32f4xx_hal_tim_ex.o
 .debug_str     0x000e6678    0xda910 ./Drivers/STM32F4xx_HAL_Driver/Src/stm32f4xx_ll_fmc.o

.comment        0x00000000       0x43
 .comment       0x00000000       0x43 ./Core/Src/assets.o
                                 0x44 (size before relaxing)
 .comment       0x00000043       0x44 ./Core/Src/game.o
 .comment       0x00000043       0x44 ./Core/Src/main.o
 .comment       0x00000043       0x44 ./Core/Src/stm32f4xx_hal_msp.o
 .comment       0x00000043       0x44 ./Core/Src/stm32f4xx_it.o
 .comment       0x00000043       0x44 ./Core/Src/sysmem.o
 .comment       0x00000043       0x44 ./Core/Src/system_stm32f4xx.o
 .comment       0x00000043       0x44 ./Drivers/BSP/Components/ili9341/ili9341.o
 .comment       0x00000043       0x44 ./Drivers/BSP/Fonts/font16.o
 .comment       0x00000043       0x44 ./Drivers/BSP/Fonts/font24.o
 .comment       0x00000043       0x44 ./Drivers/BSP/STM32F429I-Discovery/stm32f429i_discovery.o
 .comment       0x00000043       0x44 ./Drivers/BSP/STM32F429I-Discovery/stm32f429i_discovery_lcd.o
 .comment       0x00000043       0x44 ./Drivers/BSP/STM32F429I-Discovery/stm32f429i_discovery_sdram.o
 .comment       0x00000043       0x44 ./Drivers/STM32F4xx_HAL_Driver/Src/stm32f4xx_hal.o
 .comment       0x00000043       0x44 ./Drivers/STM32F4xx_HAL_Driver/Src/stm32f4xx_hal_cortex.o
 .comment       0x00000043       0x44 ./Drivers/STM32F4xx_HAL_Driver/Src/stm32f4xx_hal_dma.o
 .comment       0x00000043       0x44 ./Drivers/STM32F4xx_HAL_Driver/Src/stm32f4xx_hal_gpio.o
 .comment       0x00000043       0x44 ./Drivers/STM32F4xx_HAL_Driver/Src/stm32f4xx_hal_ltdc.o
 .comment       0x00000043       0x44 ./Drivers/STM32F4xx_HAL_Driver/Src/stm32f4xx_hal_pwr_ex.o
 .comment       0x00000043       0x44 ./Drivers/STM32F4xx_HAL_Driver/Src/stm32f4xx_hal_rcc.o
 .comment       0x00000043       0x44 ./Drivers/STM32F4xx_HAL_Driver/Src/stm32f4xx_hal_rcc_ex.o
 .comment       0x00000043       0x44 ./Drivers/STM32F4xx_HAL_Driver/Src/stm32f4xx_hal_sdram.o
 .comment       0x00000043       0x44 ./Drivers/STM32F4xx_HAL_Driver/Src/stm32f4xx_hal_spi.o
 .comment       0x00000043       0x44 ./Drivers/STM32F4xx_HAL_Driver/Src/stm32f4xx_hal_tim.o
 .comment       0x00000043       0x44 ./Drivers/STM32F4xx_HAL_Driver/Src/stm32f4xx_hal_tim_ex.o