../Drivers/BSP/STM32F429I-Discovery/stm32f429i_discovery_lcd.c:132:9:BSP_LCD_Init	8	static
../Drivers/BSP/STM32F429I-Discovery/stm32f429i_discovery_lcd.c:215:10:BSP_LCD_GetXSize	8	static
../Drivers/BSP/STM32F429I-Discovery/stm32f429i_discovery_lcd.c:224:10:BSP_LCD_GetYSize	8	static
../Drivers/BSP/STM32F429I-Discovery/stm32f429i_discovery_lcd.c:234:6:BSP_LCD_LayerDefaultInit	72	static
../Drivers/BSP/STM32F429I-Discovery/stm32f429i_discovery_lcd.c:269:6:BSP_LCD_SelectLayer	16	static
../Drivers/BSP/STM32F429I-Discovery/stm32f429i_discovery_lcd.c:280:6:BSP_LCD_SetLayerVisible	16	static
../Drivers/BSP/STM32F429I-Discovery/stm32f429i_discovery_lcd.c:302:6:BSP_LCD_SetLayerVisible_NoReload	16	static
../Drivers/BSP/STM32F429I-Discovery/stm32f429i_discovery_lcd.c:321:6:BSP_LCD_SetTransparency	16	static
../Drivers/BSP/STM32F429I-Discovery/stm32f429i_discovery_lcd.c:333:6:BSP_LCD_SetTransparency_NoReload	16	static
../Drivers/BSP/STM32F429I-Discovery/stm32f429i_discovery_lcd.c:343:6:BSP_LCD_SetLayerAddress	16	static
../Drivers/BSP/STM32F429I-Discovery/stm32f429i_discovery_lcd.c:354:6:BSP_LCD_SetLayerAddress_NoReload	16	static
../Drivers/BSP/STM32F429I-Discovery/stm32f429i_discovery_lcd.c:367:6:BSP_LCD_SetLayerWindow	24	static
../Drivers/BSP/STM32F429I-Discovery/stm32f429i_discovery_lcd.c:385:6:BSP_LCD_SetLayerWindow_NoReload	24	static
../Drivers/BSP/STM32F429I-Discovery/stm32f429i_discovery_lcd.c:399:6:BSP_LCD_SetColorKeying	16	static
../Drivers/BSP/STM32F429I-Discovery/stm32f429i_discovery_lcd.c:412:6:BSP_LCD_SetColorKeying_NoReload	16	static
../Drivers/BSP/STM32F429I-Discovery/stm32f429i_discovery_lcd.c:423:6:BSP_LCD_ResetColorKeying	16	static
../Drivers/BSP/STM32F429I-Discovery/stm32f429i_discovery_lcd.c:434:6:BSP_LCD_ResetColorKeying_NoReload	16	static
../Drivers/BSP/STM32F429I-Discovery/stm32f429i_discovery_lcd.c:447:6:BSP_LCD_Relaod	16	static
../Drivers/BSP/STM32F429I-Discovery/stm32f429i_discovery_lcd.c:456:10:BSP_LCD_GetTextColor	4	static
../Drivers/BSP/STM32F429I-Discovery/stm32f429i_discovery_lcd.c:465:10:BSP_LCD_GetBackColor	4	static
../Drivers/BSP/STM32F429I-Discovery/stm32f429i_discovery_lcd.c:474:6:BSP_LCD_SetTextColor	16	static
../Drivers/BSP/STM32F429I-Discovery/stm32f429i_discovery_lcd.c:483:6:BSP_LCD_SetBackColor	16	static
../Drivers/BSP/STM32F429I-Discovery/stm32f429i_discovery_lcd.c:492:6:BSP_LCD_SetFont	16	static
../Drivers/BSP/STM32F429I-Discovery/stm32f429i_discovery_lcd.c:501:8:BSP_LCD_GetFont	4	static
../Drivers/BSP/STM32F429I-Discovery/stm32f429i_discovery_lcd.c:512:10:BSP_LCD_ReadPixel	32	static
../Drivers/BSP/STM32F429I-Discovery/stm32f429i_discovery_lcd.c:546:6:BSP_LCD_Clear	40	static
../Drivers/BSP/STM32F429I-Discovery/stm32f429i_discovery_lcd.c:557:6:BSP_LCD_ClearStringLine	32	static
../Drivers/BSP/STM32F429I-Discovery/stm32f429i_discovery_lcd.c:576:6:BSP_LCD_DisplayChar	24	static
../Drivers/BSP/STM32F429I-Discovery/stm32f429i_discovery_lcd.c:593:6:BSP_LCD_DisplayStringAt	48	static
../Drivers/BSP/STM32F429I-Discovery/stm32f429i_discovery_lcd.c:648:6:BSP_LCD_DisplayStringAtLine	16	static
../Drivers/BSP/STM32F429I-Discovery/stm32f429i_discovery_lcd.c:659:6:BSP_LCD_DrawHLine	40	static
../Drivers/BSP/STM32F429I-Discovery/stm32f429i_discovery_lcd.c:676:6:BSP_LCD_DrawVLine	48	static
../Drivers/BSP/STM32F429I-Discovery/stm32f429i_discovery_lcd.c:694:6:BSP_LCD_DrawLine	56	static
../Drivers/BSP/STM32F429I-Discovery/stm32f429i_discovery_lcd.c:768:6:BSP_LCD_DrawRect	24	static
../Drivers/BSP/STM32F429I-Discovery/stm32f429i_discovery_lcd.c:785:6:BSP_LCD_DrawCircle	40	static
../Drivers/BSP/STM32F429I-Discovery/stm32f429i_discovery_lcd.c:824:6:BSP_LCD_DrawPolygon	32	static
../Drivers/BSP/STM32F429I-Discovery/stm32f429i_discovery_lcd.c:851:6:BSP_LCD_DrawEllipse	64	static
../Drivers/BSP/STM32F429I-Discovery/stm32f429i_discovery_lcd.c:884:6:BSP_LCD_DrawBitmap	56	static
../Drivers/BSP/STM32F429I-Discovery/stm32f429i_discovery_lcd.c:941:6:BSP_LCD_FillRect	48	static
../Drivers/BSP/STM32F429I-Discovery/stm32f429i_discovery_lcd.c:962:6:BSP_LCD_FillCircle	32	static
../Drivers/BSP/STM32F429I-Discovery/stm32f429i_discovery_lcd.c:1013:6:BSP_LCD_FillTriangle	56	static
../Drivers/BSP/STM32F429I-Discovery/stm32f429i_discovery_lcd.c:1086:6:BSP_LCD_FillPolygon	64	static
../Drivers/BSP/STM32F429I-Discovery/stm32f429i_discovery_lcd.c:1154:6:BSP_LCD_FillEllipse	56	static
../Drivers/BSP/STM32F429I-Discovery/stm32f429i_discovery_lcd.c:1181:6:BSP_LCD_DisplayOn	8	static
../Drivers/BSP/STM32F429I-Discovery/stm32f429i_discovery_lcd.c:1192:6:BSP_LCD_DisplayOff	8	static
../Drivers/BSP/STM32F429I-Discovery/stm32f429i_discovery_lcd.c:1207:13:BSP_LCD_MspInit	64	static
../Drivers/BSP/STM32F429I-Discovery/stm32f429i_discovery_lcd.c:1291:6:BSP_LCD_DrawPixel	24	static
../Drivers/BSP/STM32F429I-Discovery/stm32f429i_discovery_lcd.c:1303:13:DrawChar	40	static
../Drivers/BSP/STM32F429I-Discovery/stm32f429i_discovery_lcd.c:1360:13:FillBuffer	32	static
../Drivers/BSP/STM32F429I-Discovery/stm32f429i_discovery_lcd.c:1392:13:ConvertLineToARGB8888	32	static
